#
# There is insufficient memory for the Java Runtime Environment to continue.
# Native memory allocation (malloc) failed to allocate 32744 bytes. Error detail: Chunk::new
# Possible reasons:
#   The system is out of physical RAM or swap space
#   This process is running with CompressedOops enabled, and the Java Heap may be blocking the growth of the native heap
# Possible solutions:
#   Reduce memory load on the system
#   Increase physical memory or swap space
#   Check if swap backing store is full
#   Decrease Java heap size (-Xmx/-Xms)
#   Decrease number of Java threads
#   Decrease Java thread stack sizes (-Xss)
#   Set larger code cache with -XX:ReservedCodeCacheSize=
#   JVM is running with Zero Based Compressed Oops mode in which the Java heap is
#     placed in the first 32GB address space. The Java Heap base address is the
#     maximum limit for the native heap growth. Please use -XX:HeapBaseMinAddress
#     to set the Java Heap base and to place the Java Heap above 32GB virtual address.
# This output file may be truncated or incomplete.
#
#  Out of Memory Error (arena.cpp:168), pid=8620, tid=15436
#
# JRE version: OpenJDK Runtime Environment Temurin-21.0.12.1+1 (21.0.12.1+1) (build 21.0.12.1+1-LTS)
# Java VM: OpenJDK 64-Bit Server VM Temurin-21.0.12.1+1 (21.0.12.1+1-LTS, mixed mode, sharing, tiered, compressed oops, compressed class ptrs, parallel gc, windows-amd64)
# No core dump will be written. Minidumps are not enabled by default on client versions of Windows
#

---------------  S U M M A R Y ------------

Command Line: --add-modules=ALL-SYSTEM --add-opens=java.base/java.util=ALL-UNNAMED --add-opens=java.base/java.lang=ALL-UNNAMED --add-opens=java.base/sun.nio.fs=ALL-UNNAMED -Declipse.application=org.eclipse.jdt.ls.core.id1 -Dosgi.bundles.defaultStartLevel=4 -Declipse.product=org.eclipse.jdt.ls.core.product -Djava.import.generatesMetadataFilesAtProjectRoot=false -Dm2e.project.cache.size=50 -DDetectVMInstallationsJob.disabled=true -Dfile.encoding=utf8 -XX:+UseParallelGC -XX:GCTimeRatio=4 -XX:AdaptiveSizePolicyWeight=90 -Dsun.zip.disableMemoryMapping=true -Xmx4G -Xms100m -Xlog:disable -javaagent:c:\Users\jessi\.antigravity-ide\extensions\redhat.java-1.56.0-win32-x64\lombok\lombok-1.18.39-4050.jar -XX:+HeapDumpOnOutOfMemoryError -XX:HeapDumpPath=c:\Users\jessi\AppData\Roaming\Antigravity IDE\User\workspaceStorage\ac9296241b9f867e80d24f11e87c1f10\redhat.java -Daether.dependencyCollector.impl=bf c:\Users\jessi\.antigravity-ide\extensions\redhat.java-1.56.0-win32-x64\server\plugins\org.eclipse.equinox.launcher_1.8.0.v20260804-1928.jar -configuration c:\Users\jessi\AppData\Roaming\Antigravity IDE\User\globalStorage\redhat.java\1.56.0\config_win -data c:\Users\jessi\AppData\Roaming\Antigravity IDE\User\workspaceStorage\ac9296241b9f867e80d24f11e87c1f10\redhat.java\jdt_ws --stdio

Host: Intel(R) Core(TM) i5-7200U CPU @ 2.50GHz, 4 cores, 7G,  Windows 11 , 64 bit Build 22621 (10.0.22621.3958)
Time: Mon Sep 14 00:01:58 2026 Hora est. Pacífico, Sudamérica elapsed time: 8482.604197 seconds (0d 2h 21m 22s)

---------------  T H R E A D  ---------------

Current thread (0x000001686bfc7970):  JavaThread "C1 CompilerThread0" daemon [_thread_in_native, id=15436, stack(0x0000003cd2d00000,0x0000003cd2e00000) (1024K)]


Current CompileTask:
C1:8482604 12586       2       org.eclipse.jdt.internal.compiler.lookup.UnresolvedReferenceBinding::resolve (281 bytes)

Stack: [0x0000003cd2d00000,0x0000003cd2e00000]
Native frames: (J=compiled Java code, j=interpreted, Vv=VM code, C=native code)
V  [jvm.dll+0x6d83e9]
V  [jvm.dll+0x8b5736]
V  [jvm.dll+0x8b7cee]
V  [jvm.dll+0x8b83d3]
V  [jvm.dll+0x284596]
V  [jvm.dll+0xc685d]
V  [jvm.dll+0xc6da1]
V  [jvm.dll+0x198c23]
V  [jvm.dll+0x198ced]
V  [jvm.dll+0x19b0a8]
V  [jvm.dll+0x19c8c4]
V  [jvm.dll+0x157515]
V  [jvm.dll+0x156db7]
V  [jvm.dll+0x156fe4]
V  [jvm.dll+0x1563fc]
V  [jvm.dll+0x15818d]
V  [jvm.dll+0x25baad]
V  [jvm.dll+0x25a03a]
V  [jvm.dll+0x3f8aae]
V  [jvm.dll+0x8600cd]
V  [jvm.dll+0x6d6c1d]
C  [ucrtbase.dll+0x29333]
C  [KERNEL32.DLL+0x1257d]
C  [ntdll.dll+0x5af08]


---------------  P R O C E S S  ---------------

Threads class SMR info:
_java_thread_list=0x0000016872491040, length=27, elements={
0x0000016850bde340, 0x000001686bf2ae40, 0x000001686bf2d8b0, 0x000001686bf342f0,
0x000001686bf54d60, 0x000001686bf557c0, 0x000001686bf56220, 0x000001686bf57060,
0x000001686bfc7970, 0x0000016871120850, 0x00000168711c3d20, 0x00000168719760a0,
0x0000016871bc6e30, 0x0000016871be39c0, 0x0000016871be4030, 0x0000016871d972e0,
0x00000168720b4120, 0x0000016871756c70, 0x0000016871ccbc60, 0x0000016871ccc2f0,
0x0000016871ccaf40, 0x0000016871ccb5d0, 0x000001687457b130, 0x000001687457f2d0,
0x000001687457ec40, 0x0000016874580680, 0x000001687457df20
}

Java Threads: ( => current thread )
  0x0000016850bde340 JavaThread "main"                              [_thread_blocked, id=13188, stack(0x0000003cd2100000,0x0000003cd2200000) (1024K)]
  0x000001686bf2ae40 JavaThread "Reference Handler"          daemon [_thread_blocked, id=5672, stack(0x0000003cd2600000,0x0000003cd2700000) (1024K)]
  0x000001686bf2d8b0 JavaThread "Finalizer"                  daemon [_thread_blocked, id=17376, stack(0x0000003cd2700000,0x0000003cd2800000) (1024K)]
  0x000001686bf342f0 JavaThread "Signal Dispatcher"          daemon [_thread_blocked, id=3628, stack(0x0000003cd2800000,0x0000003cd2900000) (1024K)]
  0x000001686bf54d60 JavaThread "Attach Listener"            daemon [_thread_blocked, id=3648, stack(0x0000003cd2900000,0x0000003cd2a00000) (1024K)]
  0x000001686bf557c0 JavaThread "Service Thread"             daemon [_thread_blocked, id=9040, stack(0x0000003cd2a00000,0x0000003cd2b00000) (1024K)]
  0x000001686bf56220 JavaThread "Monitor Deflation Thread"   daemon [_thread_blocked, id=18160, stack(0x0000003cd2b00000,0x0000003cd2c00000) (1024K)]
  0x000001686bf57060 JavaThread "C2 CompilerThread0"         daemon [_thread_in_native, id=9852, stack(0x0000003cd2c00000,0x0000003cd2d00000) (1024K)]
=>0x000001686bfc7970 JavaThread "C1 CompilerThread0"         daemon [_thread_in_native, id=15436, stack(0x0000003cd2d00000,0x0000003cd2e00000) (1024K)]
  0x0000016871120850 JavaThread "Common-Cleaner"             daemon [_thread_blocked, id=11720, stack(0x0000003cd2e00000,0x0000003cd2f00000) (1024K)]
  0x00000168711c3d20 JavaThread "Notification Thread"        daemon [_thread_blocked, id=15284, stack(0x0000003cd2f00000,0x0000003cd3000000) (1024K)]
  0x00000168719760a0 JavaThread "Active Thread: Equinox Container: cf968dcf-2bfd-4431-899c-63f7a485e7b7"        [_thread_blocked, id=14252, stack(0x0000003cd3000000,0x0000003cd3100000) (1024K)]
  0x0000016871bc6e30 JavaThread "Refresh Thread: Equinox Container: cf968dcf-2bfd-4431-899c-63f7a485e7b7" daemon [_thread_blocked, id=8792, stack(0x0000003cd3400000,0x0000003cd3500000) (1024K)]
  0x0000016871be39c0 JavaThread "Framework Event Dispatcher: Equinox Container: cf968dcf-2bfd-4431-899c-63f7a485e7b7" daemon [_thread_blocked, id=8516, stack(0x0000003cd3500000,0x0000003cd3600000) (1024K)]
  0x0000016871be4030 JavaThread "Start Level: Equinox Container: cf968dcf-2bfd-4431-899c-63f7a485e7b7" daemon [_thread_blocked, id=2508, stack(0x0000003cd3600000,0x0000003cd3700000) (1024K)]
  0x0000016871d972e0 JavaThread "Bundle File Closer"         daemon [_thread_blocked, id=11856, stack(0x0000003cd3700000,0x0000003cd3800000) (1024K)]
  0x00000168720b4120 JavaThread "SCR Component Actor"        daemon [_thread_blocked, id=12144, stack(0x0000003cd3800000,0x0000003cd3900000) (1024K)]
  0x0000016871756c70 JavaThread "Worker-JM"                         [_thread_blocked, id=17104, stack(0x0000003cd3900000,0x0000003cd3a00000) (1024K)]
  0x0000016871ccbc60 JavaThread "JNA Cleaner"                daemon [_thread_blocked, id=17648, stack(0x0000003cd3a00000,0x0000003cd3b00000) (1024K)]
  0x0000016871ccc2f0 JavaThread "Worker-1"                          [_thread_blocked, id=11544, stack(0x0000003cd3c00000,0x0000003cd3d00000) (1024K)]
  0x0000016871ccaf40 JavaThread "Java indexing"              daemon [_thread_blocked, id=13916, stack(0x0000003cd3e00000,0x0000003cd3f00000) (1024K)]
  0x0000016871ccb5d0 JavaThread "Worker-3: Publish Diagnostics"        [_thread_in_vm, id=9128, stack(0x0000003cd3f00000,0x0000003cd4000000) (1024K)]
  0x000001687457b130 JavaThread "pool-2-thread-1"                   [_thread_blocked, id=6488, stack(0x0000003cd4100000,0x0000003cd4200000) (1024K)]
  0x000001687457f2d0 JavaThread "WorkspaceEventsHandler"            [_thread_blocked, id=8492, stack(0x0000003cd4200000,0x0000003cd4300000) (1024K)]
  0x000001687457ec40 JavaThread "pool-1-thread-1"                   [_thread_in_native, id=12000, stack(0x0000003cd4300000,0x0000003cd4400000) (1024K)]
  0x0000016874580680 JavaThread "Worker-5"                          [_thread_blocked, id=1932, stack(0x0000003cd2000000,0x0000003cd2100000) (1024K)]
  0x000001687457df20 JavaThread "PatternSearchJob-worker-4"  daemon [_thread_blocked, id=18224, stack(0x0000003cd2200000,0x0000003cd2300000) (1024K)]
Total: 27

Other Threads:
  0x0000016850c9e140 VMThread "VM Thread"                           [id=7452, stack(0x0000003cd2500000,0x0000003cd2600000) (1024K)]
  0x0000016850c49200 WatcherThread "VM Periodic Task Thread"        [id=10600, stack(0x0000003cd2400000,0x0000003cd2500000) (1024K)]
  0x0000016850bfd070 WorkerThread "GC Thread#0"                     [id=14100, stack(0x0000003cd2300000,0x0000003cd2400000) (1024K)]
  0x00000168714e6280 WorkerThread "GC Thread#1"                     [id=9620, stack(0x0000003cd3100000,0x0000003cd3200000) (1024K)]
  0x00000168714e7140 WorkerThread "GC Thread#2"                     [id=13332, stack(0x0000003cd3200000,0x0000003cd3300000) (1024K)]
  0x00000168714e78a0 WorkerThread "GC Thread#3"                     [id=3100, stack(0x0000003cd3300000,0x0000003cd3400000) (1024K)]
Total: 6

Threads with active compile tasks:
C2 CompilerThread0  8482874 12296   !   4       lombok.core.FieldAugment$ReflectionFieldAugment::getAndSet (80 bytes)
C1 CompilerThread0  8482874 12586       2       org.eclipse.jdt.internal.compiler.lookup.UnresolvedReferenceBinding::resolve (281 bytes)
Total: 2

VM state: not at safepoint (normal execution)

VM Mutex/Monitor currently owned by a thread: None

Heap address: 0x0000000700000000, size: 4096 MB, Compressed Oops mode: Zero based, Oop shift amount: 3

CDS archive(s) mapped at: [0x0000016800000000-0x0000016800ba0000-0x0000016800ba0000), size 12189696, SharedBaseAddress: 0x0000016800000000, ArchiveRelocationMode: 1.
Compressed class space mapped at: 0x0000016801000000-0x0000016841000000, reserved size: 1073741824
Narrow klass base: 0x0000016800000000, Narrow klass shift: 0, Narrow klass range: 0x100000000

GC Precious Log:
 CardTable entry size: 512
 CPUs: 4 total, 4 available
 Memory: 8057M
 Large Page Support: Disabled
 NUMA Support: Disabled
 Compressed Oops: Enabled (Zero based)
 Alignments: Space 512K, Generation 512K, Heap 2M
 Heap Min Capacity: 100M
 Heap Initial Capacity: 100M
 Heap Max Capacity: 4G
 Pre-touch: Disabled
 Parallel Workers: 4

Heap:
 PSYoungGen      total 11776K, used 3958K [0x00000007aab00000, 0x00000007ab980000, 0x0000000800000000)
  eden space 10240K, 24% used [0x00000007aab00000,0x00000007aad717d8,0x00000007ab500000)
  from space 1536K, 94% used [0x00000007ab800000,0x00000007ab96c030,0x00000007ab980000)
  to   space 1536K, 0% used [0x00000007ab680000,0x00000007ab680000,0x00000007ab800000)
 ParOldGen       total 78336K, used 78228K [0x0000000700000000, 0x0000000704c80000, 0x00000007aab00000)
  object space 78336K, 99% used [0x0000000700000000,0x0000000704c652d8,0x0000000704c80000)
 Metaspace       used 63243K, committed 64704K, reserved 1114112K
  class space    used 6611K, committed 7296K, reserved 1048576K

Card table byte_map: [0x0000016862de0000,0x00000168635f0000] _byte_map_base: 0x000001685f5e0000

Marking Bits: (ParMarkBitMap*) 0x00007ffdc67744a0
 Begin Bits: [0x00000168635f0000, 0x00000168675f0000)
 End Bits:   [0x00000168675f0000, 0x000001686b5f0000)

Polling page: 0x000001684eaa0000

Metaspace:

Usage:
  Non-class:     55.30 MB used.
      Class:      6.46 MB used.
       Both:     61.76 MB used.

Virtual space:
  Non-class space:       64.00 MB reserved,      56.06 MB ( 88%) committed,  1 nodes.
      Class space:        1.00 GB reserved,       7.12 MB ( <1%) committed,  1 nodes.
             Both:        1.06 GB reserved,      63.19 MB (  6%) committed. 

Chunk freelists:
   Non-Class:  7.70 MB
       Class:  8.85 MB
        Both:  16.55 MB

MaxMetaspaceSize: unlimited
CompressedClassSpaceSize: 1.00 GB
Initial GC threshold: 21.00 MB
Current GC threshold: 97.31 MB
CDS: on
 - commit_granule_bytes: 65536.
 - commit_granule_words: 8192.
 - virtual_space_node_default_size: 8388608.
 - enlarge_chunks_in_place: 1.
 - use_allocation_guard: 0.


Internal statistics:

num_allocs_failed_limit: 9.
num_arena_births: 1256.
num_arena_deaths: 14.
num_vsnodes_births: 2.
num_vsnodes_deaths: 0.
num_space_committed: 1011.
num_space_uncommitted: 0.
num_chunks_returned_to_freelist: 23.
num_chunks_taken_from_freelist: 4288.
num_chunk_merges: 12.
num_chunk_splits: 2614.
num_chunks_enlarged: 1443.
num_inconsistent_stats: 0.

CodeHeap 'non-profiled nmethods': size=120000Kb used=8986Kb max_used=8986Kb free=111013Kb
 bounds [0x000001685b8b0000, 0x000001685c180000, 0x0000016862de0000]
CodeHeap 'profiled nmethods': size=120000Kb used=27889Kb max_used=27889Kb free=92110Kb
 bounds [0x0000016853de0000, 0x0000016855920000, 0x000001685b310000]
CodeHeap 'non-nmethods': size=5760Kb used=1415Kb max_used=1496Kb free=4344Kb
 bounds [0x000001685b310000, 0x000001685b580000, 0x000001685b8b0000]
CodeCache: size=245760Kb, used=38290Kb, max_used=38371Kb, free=207467Kb
 total_blobs=12482, nmethods=11756, adapters=630, full_count=0
Compilation: enabled, stopped_count=0, restarted_count=0

Compilation events (20 events):
Event: 8482.441 Thread 0x000001686bfc7970 nmethod 12575 0x0000016855915490 code [0x0000016855915620, 0x0000016855915748]
Event: 8482.445 Thread 0x000001686bfc7970 12576       1       org.eclipse.jdt.internal.core.PackageDeclaration::getElementType (3 bytes)
Event: 8482.445 Thread 0x000001686bfc7970 nmethod 12576 0x000001685c176790 code [0x000001685c176920, 0x000001685c1769e8]
Event: 8482.450 Thread 0x000001686bfc7970 12577 %     3       org.eclipse.jdt.internal.compiler.parser.Scanner::checkTaskTag @ 51 (937 bytes)
Event: 8482.455 Thread 0x000001686bfc7970 nmethod 12577% 0x0000016855915810 code [0x0000016855915cc0, 0x0000016855918f80]
Event: 8482.455 Thread 0x000001686bfc7970 12579       2       org.eclipse.jdt.internal.compiler.util.HashtableOfPackage::<init> (6 bytes)
Event: 8482.456 Thread 0x000001686bfc7970 nmethod 12579 0x000001685591a310 code [0x000001685591a4c0, 0x000001685591a5e8]
Event: 8482.456 Thread 0x000001686bfc7970 12578   !   2       org.eclipse.jdt.internal.compiler.parser.ScannerHelper::isBitSet (27 bytes)
Event: 8482.456 Thread 0x000001686bfc7970 nmethod 12578 0x000001685591a690 code [0x000001685591a840, 0x000001685591aa58]
Event: 8482.456 Thread 0x000001686bfc7970 12580       2       org.eclipse.jdt.internal.compiler.lookup.ModuleBinding$$Lambda/0x00000168016f1448::apply (12 bytes)
Event: 8482.456 Thread 0x000001686bfc7970 nmethod 12580 0x000001685591ac90 code [0x000001685591ae40, 0x000001685591afc0]
Event: 8482.456 Thread 0x000001686bfc7970 12581       2       org.eclipse.jdt.internal.compiler.lookup.ModuleBinding::lambda$12 (9 bytes)
Event: 8482.457 Thread 0x000001686bfc7970 nmethod 12581 0x000001685591b110 code [0x000001685591b2c0, 0x000001685591b3f0]
Event: 8482.457 Thread 0x000001686bfc7970 12582       2       org.eclipse.jdt.internal.compiler.lookup.ModuleBinding$$Lambda/0x00000168016f1690::test (8 bytes)
Event: 8482.457 Thread 0x000001686bfc7970 nmethod 12582 0x000001685591b510 code [0x000001685591b6a0, 0x000001685591b7f8]
Event: 8482.590 Thread 0x000001686bfc7970 12583       2       org.eclipse.jdt.internal.core.ModuleUpdater::applyModuleUpdates (85 bytes)
Event: 8482.590 Thread 0x000001686bfc7970 nmethod 12583 0x000001685591b890 code [0x000001685591bac0, 0x000001685591bf50]
Event: 8482.594 Thread 0x000001686bfc7970 12585       3       org.eclipse.jdt.internal.compiler.lookup.BinaryTypeBinding::isPrototype (12 bytes)
Event: 8482.594 Thread 0x000001686bfc7970 nmethod 12585 0x000001685591c210 code [0x000001685591c3c0, 0x000001685591c538]
Event: 8482.595 Thread 0x000001686bfc7970 12586       2       org.eclipse.jdt.internal.compiler.lookup.UnresolvedReferenceBinding::resolve (281 bytes)

GC Heap History (20 events):
Event: 8474.053 GC heap before
{Heap before GC invocations=168 (full 3):
 PSYoungGen      total 10752K, used 10730K [0x00000007aab00000, 0x00000007abb00000, 0x0000000800000000)
  eden space 10240K, 100% used [0x00000007aab00000,0x00000007ab500000,0x00000007ab500000)
  from space 512K, 95% used [0x00000007aba80000,0x00000007abafab18,0x00000007abb00000)
  to   space 1536K, 0% used [0x00000007ab800000,0x00000007ab800000,0x00000007ab980000)
 ParOldGen       total 78336K, used 71040K [0x0000000700000000, 0x0000000704c80000, 0x00000007aab00000)
  object space 78336K, 90% used [0x0000000700000000,0x00000007045600d8,0x0000000704c80000)
 Metaspace       used 60355K, committed 61824K, reserved 1114112K
  class space    used 6390K, committed 7040K, reserved 1048576K
}
Event: 8474.061 GC heap after
{Heap after GC invocations=168 (full 3):
 PSYoungGen      total 11776K, used 256K [0x00000007aab00000, 0x00000007abb00000, 0x0000000800000000)
  eden space 10240K, 0% used [0x00000007aab00000,0x00000007aab00000,0x00000007ab500000)
  from space 1536K, 16% used [0x00000007ab800000,0x00000007ab840000,0x00000007ab980000)
  to   space 1024K, 0% used [0x00000007aba00000,0x00000007aba00000,0x00000007abb00000)
 ParOldGen       total 78336K, used 71501K [0x0000000700000000, 0x0000000704c80000, 0x00000007aab00000)
  object space 78336K, 91% used [0x0000000700000000,0x00000007045d3428,0x0000000704c80000)
 Metaspace       used 60355K, committed 61824K, reserved 1114112K
  class space    used 6390K, committed 7040K, reserved 1048576K
}
Event: 8474.193 GC heap before
{Heap before GC invocations=169 (full 3):
 PSYoungGen      total 11776K, used 10496K [0x00000007aab00000, 0x00000007abb00000, 0x0000000800000000)
  eden space 10240K, 100% used [0x00000007aab00000,0x00000007ab500000,0x00000007ab500000)
  from space 1536K, 16% used [0x00000007ab800000,0x00000007ab840000,0x00000007ab980000)
  to   space 1024K, 0% used [0x00000007aba00000,0x00000007aba00000,0x00000007abb00000)
 ParOldGen       total 78336K, used 71501K [0x0000000700000000, 0x0000000704c80000, 0x00000007aab00000)
  object space 78336K, 91% used [0x0000000700000000,0x00000007045d3428,0x0000000704c80000)
 Metaspace       used 60355K, committed 61824K, reserved 1114112K
  class space    used 6390K, committed 7040K, reserved 1048576K
}
Event: 8474.196 GC heap after
{Heap after GC invocations=169 (full 3):
 PSYoungGen      total 11264K, used 727K [0x00000007aab00000, 0x00000007abb00000, 0x0000000800000000)
  eden space 10240K, 0% used [0x00000007aab00000,0x00000007aab00000,0x00000007ab500000)
  from space 1024K, 71% used [0x00000007aba00000,0x00000007abab5e08,0x00000007abb00000)
  to   space 1024K, 0% used [0x00000007ab900000,0x00000007ab900000,0x00000007aba00000)
 ParOldGen       total 78336K, used 71669K [0x0000000700000000, 0x0000000704c80000, 0x00000007aab00000)
  object space 78336K, 91% used [0x0000000700000000,0x00000007045fd710,0x0000000704c80000)
 Metaspace       used 60355K, committed 61824K, reserved 1114112K
  class space    used 6390K, committed 7040K, reserved 1048576K
}
Event: 8474.841 GC heap before
{Heap before GC invocations=170 (full 3):
 PSYoungGen      total 11264K, used 10967K [0x00000007aab00000, 0x00000007abb00000, 0x0000000800000000)
  eden space 10240K, 100% used [0x00000007aab00000,0x00000007ab500000,0x00000007ab500000)
  from space 1024K, 71% used [0x00000007aba00000,0x00000007abab5e08,0x00000007abb00000)
  to   space 1024K, 0% used [0x00000007ab900000,0x00000007ab900000,0x00000007aba00000)
 ParOldGen       total 78336K, used 71669K [0x0000000700000000, 0x0000000704c80000, 0x00000007aab00000)
  object space 78336K, 91% used [0x0000000700000000,0x00000007045fd710,0x0000000704c80000)
 Metaspace       used 60853K, committed 62336K, reserved 1114112K
  class space    used 6449K, committed 7104K, reserved 1048576K
}
Event: 8474.856 GC heap after
{Heap after GC invocations=170 (full 3):
 PSYoungGen      total 11264K, used 1008K [0x00000007aab00000, 0x00000007aba80000, 0x0000000800000000)
  eden space 10240K, 0% used [0x00000007aab00000,0x00000007aab00000,0x00000007ab500000)
  from space 1024K, 98% used [0x00000007ab900000,0x00000007ab9fc010,0x00000007aba00000)
  to   space 512K, 0% used [0x00000007aba00000,0x00000007aba00000,0x00000007aba80000)
 ParOldGen       total 78336K, used 72301K [0x0000000700000000, 0x0000000704c80000, 0x00000007aab00000)
  object space 78336K, 92% used [0x0000000700000000,0x000000070469b490,0x0000000704c80000)
 Metaspace       used 60853K, committed 62336K, reserved 1114112K
  class space    used 6449K, committed 7104K, reserved 1048576K
}
Event: 8475.891 GC heap before
{Heap before GC invocations=171 (full 3):
 PSYoungGen      total 11264K, used 11248K [0x00000007aab00000, 0x00000007aba80000, 0x0000000800000000)
  eden space 10240K, 100% used [0x00000007aab00000,0x00000007ab500000,0x00000007ab500000)
  from space 1024K, 98% used [0x00000007ab900000,0x00000007ab9fc010,0x00000007aba00000)
  to   space 512K, 0% used [0x00000007aba00000,0x00000007aba00000,0x00000007aba80000)
 ParOldGen       total 78336K, used 72301K [0x0000000700000000, 0x0000000704c80000, 0x00000007aab00000)
  object space 78336K, 92% used [0x0000000700000000,0x000000070469b490,0x0000000704c80000)
 Metaspace       used 61231K, committed 62656K, reserved 1114112K
  class space    used 6481K, committed 7104K, reserved 1048576K
}
Event: 8475.905 GC heap after
{Heap after GC invocations=171 (full 3):
 PSYoungGen      total 10752K, used 480K [0x00000007aab00000, 0x00000007aba80000, 0x0000000800000000)
  eden space 10240K, 0% used [0x00000007aab00000,0x00000007aab00000,0x00000007ab500000)
  from space 512K, 93% used [0x00000007aba00000,0x00000007aba78028,0x00000007aba80000)
  to   space 1536K, 0% used [0x00000007ab780000,0x00000007ab780000,0x00000007ab900000)
 ParOldGen       total 78336K, used 73220K [0x0000000700000000, 0x0000000704c80000, 0x00000007aab00000)
  object space 78336K, 93% used [0x0000000700000000,0x00000007047810d8,0x0000000704c80000)
 Metaspace       used 61231K, committed 62656K, reserved 1114112K
  class space    used 6481K, committed 7104K, reserved 1048576K
}
Event: 8477.701 GC heap before
{Heap before GC invocations=172 (full 3):
 PSYoungGen      total 10752K, used 10716K [0x00000007aab00000, 0x00000007aba80000, 0x0000000800000000)
  eden space 10240K, 99% used [0x00000007aab00000,0x00000007ab4ff250,0x00000007ab500000)
  from space 512K, 93% used [0x00000007aba00000,0x00000007aba78028,0x00000007aba80000)
  to   space 1536K, 0% used [0x00000007ab780000,0x00000007ab780000,0x00000007ab900000)
 ParOldGen       total 78336K, used 73220K [0x0000000700000000, 0x0000000704c80000, 0x00000007aab00000)
  object space 78336K, 93% used [0x0000000700000000,0x00000007047810d8,0x0000000704c80000)
 Metaspace       used 62133K, committed 63616K, reserved 1114112K
  class space    used 6556K, committed 7232K, reserved 1048576K
}
Event: 8477.726 GC heap after
{Heap after GC invocations=172 (full 3):
 PSYoungGen      total 11776K, used 1271K [0x00000007aab00000, 0x00000007aba80000, 0x0000000800000000)
  eden space 10240K, 0% used [0x00000007aab00000,0x00000007aab00000,0x00000007ab500000)
  from space 1536K, 82% used [0x00000007ab780000,0x00000007ab8bdd98,0x00000007ab900000)
  to   space 1536K, 0% used [0x00000007ab900000,0x00000007ab900000,0x00000007aba80000)
 ParOldGen       total 78336K, used 73657K [0x0000000700000000, 0x0000000704c80000, 0x00000007aab00000)
  object space 78336K, 94% used [0x0000000700000000,0x00000007047ee7c0,0x0000000704c80000)
 Metaspace       used 62133K, committed 63616K, reserved 1114112K
  class space    used 6556K, committed 7232K, reserved 1048576K
}
Event: 8479.023 GC heap before
{Heap before GC invocations=173 (full 3):
 PSYoungGen      total 11776K, used 11511K [0x00000007aab00000, 0x00000007aba80000, 0x0000000800000000)
  eden space 10240K, 100% used [0x00000007aab00000,0x00000007ab500000,0x00000007ab500000)
  from space 1536K, 82% used [0x00000007ab780000,0x00000007ab8bdd98,0x00000007ab900000)
  to   space 1536K, 0% used [0x00000007ab900000,0x00000007ab900000,0x00000007aba80000)
 ParOldGen       total 78336K, used 73657K [0x0000000700000000, 0x0000000704c80000, 0x00000007aab00000)
  object space 78336K, 94% used [0x0000000700000000,0x00000007047ee7c0,0x0000000704c80000)
 Metaspace       used 62590K, committed 64064K, reserved 1114112K
  class space    used 6584K, committed 7232K, reserved 1048576K
}
Event: 8479.036 GC heap after
{Heap after GC invocations=173 (full 3):
 PSYoungGen      total 11264K, used 676K [0x00000007aab00000, 0x00000007aba00000, 0x0000000800000000)
  eden space 10240K, 0% used [0x00000007aab00000,0x00000007aab00000,0x00000007ab500000)
  from space 1024K, 66% used [0x00000007ab900000,0x00000007ab9a9210,0x00000007aba00000)
  to   space 1024K, 0% used [0x00000007ab800000,0x00000007ab800000,0x00000007ab900000)
 ParOldGen       total 78336K, used 74841K [0x0000000700000000, 0x0000000704c80000, 0x00000007aab00000)
  object space 78336K, 95% used [0x0000000700000000,0x0000000704916740,0x0000000704c80000)
 Metaspace       used 62590K, committed 64064K, reserved 1114112K
  class space    used 6584K, committed 7232K, reserved 1048576K
}
Event: 8480.119 GC heap before
{Heap before GC invocations=174 (full 3):
 PSYoungGen      total 11264K, used 10916K [0x00000007aab00000, 0x00000007aba00000, 0x0000000800000000)
  eden space 10240K, 100% used [0x00000007aab00000,0x00000007ab500000,0x00000007ab500000)
  from space 1024K, 66% used [0x00000007ab900000,0x00000007ab9a9210,0x00000007aba00000)
  to   space 1024K, 0% used [0x00000007ab800000,0x00000007ab800000,0x00000007ab900000)
 ParOldGen       total 78336K, used 74841K [0x0000000700000000, 0x0000000704c80000, 0x00000007aab00000)
  object space 78336K, 95% used [0x0000000700000000,0x0000000704916740,0x0000000704c80000)
 Metaspace       used 62899K, committed 64320K, reserved 1114112K
  class space    used 6602K, committed 7232K, reserved 1048576K
}
Event: 8480.127 GC heap after
{Heap after GC invocations=174 (full 3):
 PSYoungGen      total 11264K, used 1006K [0x00000007aab00000, 0x00000007ab980000, 0x0000000800000000)
  eden space 10240K, 0% used [0x00000007aab00000,0x00000007aab00000,0x00000007ab500000)
  from space 1024K, 98% used [0x00000007ab800000,0x00000007ab8fb8f8,0x00000007ab900000)
  to   space 512K, 0% used [0x00000007ab900000,0x00000007ab900000,0x00000007ab980000)
 ParOldGen       total 78336K, used 75262K [0x0000000700000000, 0x0000000704c80000, 0x00000007aab00000)
  object space 78336K, 96% used [0x0000000700000000,0x000000070497f960,0x0000000704c80000)
 Metaspace       used 62899K, committed 64320K, reserved 1114112K
  class space    used 6602K, committed 7232K, reserved 1048576K
}
Event: 8480.753 GC heap before
{Heap before GC invocations=175 (full 3):
 PSYoungGen      total 11264K, used 11246K [0x00000007aab00000, 0x00000007ab980000, 0x0000000800000000)
  eden space 10240K, 100% used [0x00000007aab00000,0x00000007ab500000,0x00000007ab500000)
  from space 1024K, 98% used [0x00000007ab800000,0x00000007ab8fb8f8,0x00000007ab900000)
  to   space 512K, 0% used [0x00000007ab900000,0x00000007ab900000,0x00000007ab980000)
 ParOldGen       total 78336K, used 75262K [0x0000000700000000, 0x0000000704c80000, 0x00000007aab00000)
  object space 78336K, 96% used [0x0000000700000000,0x000000070497f960,0x0000000704c80000)
 Metaspace       used 62990K, committed 64512K, reserved 1114112K
  class space    used 6606K, committed 7296K, reserved 1048576K
}
Event: 8480.764 GC heap after
{Heap after GC invocations=175 (full 3):
 PSYoungGen      total 10752K, used 480K [0x00000007aab00000, 0x00000007ab980000, 0x0000000800000000)
  eden space 10240K, 0% used [0x00000007aab00000,0x00000007aab00000,0x00000007ab500000)
  from space 512K, 93% used [0x00000007ab900000,0x00000007ab978020,0x00000007ab980000)
  to   space 1536K, 0% used [0x00000007ab680000,0x00000007ab680000,0x00000007ab800000)
 ParOldGen       total 78336K, used 76264K [0x0000000700000000, 0x0000000704c80000, 0x00000007aab00000)
  object space 78336K, 97% used [0x0000000700000000,0x0000000704a7a218,0x0000000704c80000)
 Metaspace       used 62990K, committed 64512K, reserved 1114112K
  class space    used 6606K, committed 7296K, reserved 1048576K
}
Event: 8481.284 GC heap before
{Heap before GC invocations=176 (full 3):
 PSYoungGen      total 10752K, used 10720K [0x00000007aab00000, 0x00000007ab980000, 0x0000000800000000)
  eden space 10240K, 100% used [0x00000007aab00000,0x00000007ab500000,0x00000007ab500000)
  from space 512K, 93% used [0x00000007ab900000,0x00000007ab978020,0x00000007ab980000)
  to   space 1536K, 0% used [0x00000007ab680000,0x00000007ab680000,0x00000007ab800000)
 ParOldGen       total 78336K, used 76264K [0x0000000700000000, 0x0000000704c80000, 0x00000007aab00000)
  object space 78336K, 97% used [0x0000000700000000,0x0000000704a7a218,0x0000000704c80000)
 Metaspace       used 63106K, committed 64576K, reserved 1114112K
  class space    used 6607K, committed 7296K, reserved 1048576K
}
Event: 8481.304 GC heap after
{Heap after GC invocations=176 (full 3):
 PSYoungGen      total 11776K, used 1516K [0x00000007aab00000, 0x00000007ab980000, 0x0000000800000000)
  eden space 10240K, 0% used [0x00000007aab00000,0x00000007aab00000,0x00000007ab500000)
  from space 1536K, 98% used [0x00000007ab680000,0x00000007ab7fb228,0x00000007ab800000)
  to   space 1536K, 0% used [0x00000007ab800000,0x00000007ab800000,0x00000007ab980000)
 ParOldGen       total 78336K, used 76704K [0x0000000700000000, 0x0000000704c80000, 0x00000007aab00000)
  object space 78336K, 97% used [0x0000000700000000,0x0000000704ae8258,0x0000000704c80000)
 Metaspace       used 63106K, committed 64576K, reserved 1114112K
  class space    used 6607K, committed 7296K, reserved 1048576K
}
Event: 8482.404 GC heap before
{Heap before GC invocations=177 (full 3):
 PSYoungGen      total 11776K, used 11756K [0x00000007aab00000, 0x00000007ab980000, 0x0000000800000000)
  eden space 10240K, 100% used [0x00000007aab00000,0x00000007ab500000,0x00000007ab500000)
  from space 1536K, 98% used [0x00000007ab680000,0x00000007ab7fb228,0x00000007ab800000)
  to   space 1536K, 0% used [0x00000007ab800000,0x00000007ab800000,0x00000007ab980000)
 ParOldGen       total 78336K, used 76704K [0x0000000700000000, 0x0000000704c80000, 0x00000007aab00000)
  object space 78336K, 97% used [0x0000000700000000,0x0000000704ae8258,0x0000000704c80000)
 Metaspace       used 63236K, committed 64704K, reserved 1114112K
  class space    used 6610K, committed 7296K, reserved 1048576K
}
Event: 8482.438 GC heap after
{Heap after GC invocations=177 (full 3):
 PSYoungGen      total 11776K, used 1456K [0x00000007aab00000, 0x00000007ab980000, 0x0000000800000000)
  eden space 10240K, 0% used [0x00000007aab00000,0x00000007aab00000,0x00000007ab500000)
  from space 1536K, 94% used [0x00000007ab800000,0x00000007ab96c030,0x00000007ab980000)
  to   space 1536K, 0% used [0x00000007ab680000,0x00000007ab680000,0x00000007ab800000)
 ParOldGen       total 78336K, used 78228K [0x0000000700000000, 0x0000000704c80000, 0x00000007aab00000)
  object space 78336K, 99% used [0x0000000700000000,0x0000000704c652d8,0x0000000704c80000)
 Metaspace       used 63236K, committed 64704K, reserved 1114112K
  class space    used 6610K, committed 7296K, reserved 1048576K
}

Dll operation events (20 events):
Event: 0.018 Attempting to load shared library c:\Users\jessi\.antigravity-ide\extensions\redhat.java-1.56.0-win32-x64\jre\21.0.12.1-win32-x86_64\bin\java.dll
Event: 0.018 Loaded shared library c:\Users\jessi\.antigravity-ide\extensions\redhat.java-1.56.0-win32-x64\jre\21.0.12.1-win32-x86_64\bin\java.dll
Event: 0.362 Attempting to load shared library c:\Users\jessi\.antigravity-ide\extensions\redhat.java-1.56.0-win32-x64\jre\21.0.12.1-win32-x86_64\bin\zip.dll
Event: 0.363 Loaded shared library c:\Users\jessi\.antigravity-ide\extensions\redhat.java-1.56.0-win32-x64\jre\21.0.12.1-win32-x86_64\bin\zip.dll
Event: 0.414 Attempting to load shared library C:\Users\jessi\.antigravity-ide\extensions\redhat.java-1.56.0-win32-x64\jre\21.0.12.1-win32-x86_64\bin\instrument.dll
Event: 0.414 Loaded shared library C:\Users\jessi\.antigravity-ide\extensions\redhat.java-1.56.0-win32-x64\jre\21.0.12.1-win32-x86_64\bin\instrument.dll
Event: 0.440 Attempting to load shared library C:\Users\jessi\.antigravity-ide\extensions\redhat.java-1.56.0-win32-x64\jre\21.0.12.1-win32-x86_64\bin\net.dll
Event: 0.441 Loaded shared library C:\Users\jessi\.antigravity-ide\extensions\redhat.java-1.56.0-win32-x64\jre\21.0.12.1-win32-x86_64\bin\net.dll
Event: 0.443 Attempting to load shared library C:\Users\jessi\.antigravity-ide\extensions\redhat.java-1.56.0-win32-x64\jre\21.0.12.1-win32-x86_64\bin\nio.dll
Event: 0.444 Loaded shared library C:\Users\jessi\.antigravity-ide\extensions\redhat.java-1.56.0-win32-x64\jre\21.0.12.1-win32-x86_64\bin\nio.dll
Event: 0.449 Attempting to load shared library C:\Users\jessi\.antigravity-ide\extensions\redhat.java-1.56.0-win32-x64\jre\21.0.12.1-win32-x86_64\bin\zip.dll
Event: 0.449 Loaded shared library C:\Users\jessi\.antigravity-ide\extensions\redhat.java-1.56.0-win32-x64\jre\21.0.12.1-win32-x86_64\bin\zip.dll
Event: 0.518 Attempting to load shared library C:\Users\jessi\.antigravity-ide\extensions\redhat.java-1.56.0-win32-x64\jre\21.0.12.1-win32-x86_64\bin\jimage.dll
Event: 0.518 Loaded shared library C:\Users\jessi\.antigravity-ide\extensions\redhat.java-1.56.0-win32-x64\jre\21.0.12.1-win32-x86_64\bin\jimage.dll
Event: 0.774 Attempting to load shared library c:\Users\jessi\.antigravity-ide\extensions\redhat.java-1.56.0-win32-x64\jre\21.0.12.1-win32-x86_64\bin\verify.dll
Event: 0.775 Loaded shared library c:\Users\jessi\.antigravity-ide\extensions\redhat.java-1.56.0-win32-x64\jre\21.0.12.1-win32-x86_64\bin\verify.dll
Event: 4.237 Attempting to load shared library C:\Users\jessi\AppData\Roaming\Antigravity IDE\User\globalStorage\redhat.java\1.56.0\config_win\org.eclipse.equinox.launcher\org.eclipse.equinox.launcher.win32.win32.x86_64_1.3.100.v20260804-1928\eclipse_11924.dll
Event: 4.242 Loaded shared library C:\Users\jessi\AppData\Roaming\Antigravity IDE\User\globalStorage\redhat.java\1.56.0\config_win\org.eclipse.equinox.launcher\org.eclipse.equinox.launcher.win32.win32.x86_64_1.3.100.v20260804-1928\eclipse_11924.dll
Event: 10.502 Attempting to load shared library C:\Users\jessi\AppData\Local\Temp\jna-101016302\jna3554259271639078256.dll
Event: 10.680 Loaded shared library C:\Users\jessi\AppData\Local\Temp\jna-101016302\jna3554259271639078256.dll

Deoptimization events (20 events):
Event: 8480.765 Thread 0x0000016871ccb5d0 DEOPT PACKING pc=0x000001685541598d sp=0x0000003cd3ffbed0
Event: 8480.765 Thread 0x0000016871ccb5d0 DEOPT UNPACKING pc=0x000001685b364242 sp=0x0000003cd3ffb388 mode 0
Event: 8480.799 Thread 0x0000016871ccb5d0 DEOPT PACKING pc=0x000001685541598d sp=0x0000003cd3ffbf10
Event: 8480.799 Thread 0x0000016871ccb5d0 DEOPT UNPACKING pc=0x000001685b364242 sp=0x0000003cd3ffb3c8 mode 0
Event: 8480.912 Thread 0x0000016871ccb5d0 DEOPT PACKING pc=0x00000168556b6b2a sp=0x0000003cd3ffd080
Event: 8480.912 Thread 0x0000016871ccb5d0 DEOPT UNPACKING pc=0x000001685b364242 sp=0x0000003cd3ffc4a8 mode 0
Event: 8481.067 Thread 0x0000016871ccb5d0 DEOPT PACKING pc=0x000001685541598d sp=0x0000003cd3ffb0a0
Event: 8481.067 Thread 0x0000016871ccb5d0 DEOPT UNPACKING pc=0x000001685b364242 sp=0x0000003cd3ffa558 mode 0
Event: 8481.102 Thread 0x0000016871ccb5d0 Uncommon trap: trap_request=0xffffff45 fr.pc=0x000001685c0ff6d0 relative=0x000000000000a990
Event: 8481.102 Thread 0x0000016871ccb5d0 Uncommon trap: reason=unstable_if action=reinterpret pc=0x000001685c0ff6d0 method=org.eclipse.jdt.internal.compiler.classfmt.ClassFileReader.<init>([B[CZ)V @ 91 c2
Event: 8481.102 Thread 0x0000016871ccb5d0 DEOPT PACKING pc=0x000001685c0ff6d0 sp=0x0000003cd3ffc660
Event: 8481.102 Thread 0x0000016871ccb5d0 DEOPT UNPACKING pc=0x000001685b363aa2 sp=0x0000003cd3ffc650 mode 2
Event: 8481.245 Thread 0x0000016871ccb5d0 Uncommon trap: trap_request=0xffffff45 fr.pc=0x000001685c162e94 relative=0x0000000000000074
Event: 8481.245 Thread 0x0000016871ccb5d0 Uncommon trap: reason=unstable_if action=reinterpret pc=0x000001685c162e94 method=org.eclipse.jdt.internal.compiler.lookup.BinaryTypeBinding.isPrototype()Z @ 5 c2
Event: 8481.245 Thread 0x0000016871ccb5d0 DEOPT PACKING pc=0x000001685c162e94 sp=0x0000003cd3ffe0b0
Event: 8481.245 Thread 0x0000016871ccb5d0 DEOPT UNPACKING pc=0x000001685b363aa2 sp=0x0000003cd3ffe048 mode 2
Event: 8481.282 Thread 0x0000016871ccb5d0 DEOPT PACKING pc=0x0000016854b10b2b sp=0x0000003cd3ffde10
Event: 8481.282 Thread 0x0000016871ccb5d0 DEOPT UNPACKING pc=0x000001685b364242 sp=0x0000003cd3ffd2f8 mode 0
Event: 8481.950 Thread 0x0000016871ccb5d0 DEOPT PACKING pc=0x000001685541598d sp=0x0000003cd3ffc960
Event: 8481.950 Thread 0x0000016871ccb5d0 DEOPT UNPACKING pc=0x000001685b364242 sp=0x0000003cd3ffbe18 mode 0

Classes loaded (20 events):
Event: 54.315 Loading class java/util/stream/ReferencePipeline$4$1
Event: 54.315 Loading class java/util/stream/ReferencePipeline$4$1 done
Event: 54.537 Loading class java/util/Hashtable$ValueCollection
Event: 54.537 Loading class java/util/Hashtable$ValueCollection done
Event: 7016.697 Loading class java/util/stream/DistinctOps
Event: 7016.805 Loading class java/util/stream/DistinctOps done
Event: 7016.808 Loading class java/util/stream/DistinctOps$1
Event: 7016.959 Loading class java/util/stream/DistinctOps$1 done
Event: 7017.417 Loading class java/util/stream/DistinctOps$1$2
Event: 7017.481 Loading class java/util/stream/DistinctOps$1$2 done
Event: 8461.885 Loading class java/nio/charset/CharacterCodingException
Event: 8461.887 Loading class java/nio/charset/CharacterCodingException done
Event: 8461.890 Loading class java/io/SequenceInputStream
Event: 8461.893 Loading class java/io/SequenceInputStream done
Event: 8462.141 Loading class java/util/WeakHashMap$KeyIterator
Event: 8462.148 Loading class java/util/WeakHashMap$KeyIterator done
Event: 8474.747 Loading class java/util/stream/ReduceOps$4
Event: 8474.752 Loading class java/util/stream/ReduceOps$4 done
Event: 8474.753 Loading class java/util/stream/ReduceOps$4ReducingSink
Event: 8474.755 Loading class java/util/stream/ReduceOps$4ReducingSink done

Classes unloaded (7 events):
Event: 12.886 Thread 0x0000016850c9e140 Unloading class 0x00000168011ad400 'java/lang/invoke/LambdaForm$MH+0x00000168011ad400'
Event: 12.886 Thread 0x0000016850c9e140 Unloading class 0x00000168011ad000 'java/lang/invoke/LambdaForm$MH+0x00000168011ad000'
Event: 12.886 Thread 0x0000016850c9e140 Unloading class 0x00000168011acc00 'java/lang/invoke/LambdaForm$MH+0x00000168011acc00'
Event: 12.886 Thread 0x0000016850c9e140 Unloading class 0x00000168011ac800 'java/lang/invoke/LambdaForm$MH+0x00000168011ac800'
Event: 12.886 Thread 0x0000016850c9e140 Unloading class 0x00000168011ac400 'java/lang/invoke/LambdaForm$BMH+0x00000168011ac400'
Event: 12.886 Thread 0x0000016850c9e140 Unloading class 0x00000168011ac000 'java/lang/invoke/LambdaForm$DMH+0x00000168011ac000'
Event: 12.886 Thread 0x0000016850c9e140 Unloading class 0x00000168011aac00 'java/lang/invoke/LambdaForm$DMH+0x00000168011aac00'

Classes redefined (0 events):
No events

Internal exceptions (20 events):
Event: 8480.929 Thread 0x0000016871ccb5d0 Exception <a 'java/lang/NullPointerException'{0x00000007ab00bcf8}> (0x00000007ab00bcf8) 
thrown [s\src\hotspot\share\interpreter\linkResolver.cpp, line 1372]
Event: 8480.929 Thread 0x0000016871ccb5d0 Exception <a 'java/lang/NullPointerException'{0x00000007ab00c818}> (0x00000007ab00c818) 
thrown [s\src\hotspot\share\interpreter\linkResolver.cpp, line 1372]
Event: 8480.930 Thread 0x0000016871ccb5d0 Exception <a 'java/lang/NullPointerException'{0x00000007ab00d338}> (0x00000007ab00d338) 
thrown [s\src\hotspot\share\interpreter\linkResolver.cpp, line 1372]
Event: 8480.930 Thread 0x0000016871ccb5d0 Exception <a 'java/lang/NullPointerException'{0x00000007ab00de80}> (0x00000007ab00de80) 
thrown [s\src\hotspot\share\interpreter\linkResolver.cpp, line 1372]
Event: 8480.930 Thread 0x0000016871ccb5d0 Exception <a 'java/lang/NullPointerException'{0x00000007ab00f4a8}> (0x00000007ab00f4a8) 
thrown [s\src\hotspot\share\interpreter\linkResolver.cpp, line 1372]
Event: 8480.930 Thread 0x0000016871ccb5d0 Exception <a 'java/lang/NullPointerException'{0x00000007ab00ffe0}> (0x00000007ab00ffe0) 
thrown [s\src\hotspot\share\interpreter\linkResolver.cpp, line 1372]
Event: 8480.930 Thread 0x0000016871ccb5d0 Exception <a 'java/lang/NullPointerException'{0x00000007ab0109c0}> (0x00000007ab0109c0) 
thrown [s\src\hotspot\share\interpreter\linkResolver.cpp, line 1372]
Event: 8480.931 Thread 0x0000016871ccb5d0 Exception <a 'java/lang/NullPointerException'{0x00000007ab014460}> (0x00000007ab014460) 
thrown [s\src\hotspot\share\interpreter\linkResolver.cpp, line 1372]
Event: 8480.931 Thread 0x0000016871ccb5d0 Exception <a 'java/lang/NullPointerException'{0x00000007ab0154e0}> (0x00000007ab0154e0) 
thrown [s\src\hotspot\share\interpreter\linkResolver.cpp, line 1372]
Event: 8480.931 Thread 0x0000016871ccb5d0 Exception <a 'java/lang/NullPointerException'{0x00000007ab015de8}> (0x00000007ab015de8) 
thrown [s\src\hotspot\share\interpreter\linkResolver.cpp, line 1372]
Event: 8480.932 Thread 0x0000016871ccb5d0 Exception <a 'java/lang/NullPointerException'{0x00000007ab0170f0}> (0x00000007ab0170f0) 
thrown [s\src\hotspot\share\interpreter\linkResolver.cpp, line 1372]
Event: 8480.932 Thread 0x0000016871ccb5d0 Exception <a 'java/lang/NullPointerException'{0x00000007ab0181d8}> (0x00000007ab0181d8) 
thrown [s\src\hotspot\share\interpreter\linkResolver.cpp, line 1372]
Event: 8480.933 Thread 0x0000016871ccb5d0 Exception <a 'java/lang/NullPointerException'{0x00000007ab018c30}> (0x00000007ab018c30) 
thrown [s\src\hotspot\share\interpreter\linkResolver.cpp, line 1372]
Event: 8480.933 Thread 0x0000016871ccb5d0 Exception <a 'java/lang/NullPointerException'{0x00000007ab0197f0}> (0x00000007ab0197f0) 
thrown [s\src\hotspot\share\interpreter\linkResolver.cpp, line 1372]
Event: 8480.933 Thread 0x0000016871ccb5d0 Exception <a 'java/lang/NullPointerException'{0x00000007ab01a230}> (0x00000007ab01a230) 
thrown [s\src\hotspot\share\interpreter\linkResolver.cpp, line 1372]
Event: 8480.934 Thread 0x0000016871ccb5d0 Exception <a 'java/lang/NullPointerException'{0x00000007ab01ad98}> (0x00000007ab01ad98) 
thrown [s\src\hotspot\share\interpreter\linkResolver.cpp, line 1372]
Event: 8480.934 Thread 0x0000016871ccb5d0 Exception <a 'java/lang/NullPointerException'{0x00000007ab01bfd0}> (0x00000007ab01bfd0) 
thrown [s\src\hotspot\share\interpreter\linkResolver.cpp, line 1372]
Event: 8481.731 Thread 0x0000016871ccb5d0 Exception <a 'java/lang/NullPointerException'{0x00000007aac25670}> (0x00000007aac25670) 
thrown [s\src\hotspot\share\interpreter\linkResolver.cpp, line 1372]
Event: 8481.731 Thread 0x0000016871ccb5d0 Exception <a 'java/lang/NullPointerException'{0x00000007aac25b90}> (0x00000007aac25b90) 
thrown [s\src\hotspot\share\interpreter\linkResolver.cpp, line 1372]
Event: 8481.732 Thread 0x0000016871ccb5d0 Exception <a 'java/lang/NullPointerException'{0x00000007aac26348}> (0x00000007aac26348) 
thrown [s\src\hotspot\share\interpreter\linkResolver.cpp, line 1372]

ZGC Phase Switch (0 events):
No events

VM Operations (20 events):
Event: 8478.025 Executing non-safepoint VM operation: HandshakeAllThreads (HandshakeForDeflation)
Event: 8478.041 Executing non-safepoint VM operation: HandshakeAllThreads (HandshakeForDeflation) done
Event: 8478.041 Executing non-safepoint VM operation: RendezvousGCThreads
Event: 8478.041 Executing non-safepoint VM operation: RendezvousGCThreads done
Event: 8479.005 Executing safepoint VM operation: ICBufferFull
Event: 8479.006 Executing safepoint VM operation: ICBufferFull done
Event: 8479.023 Executing safepoint VM operation: ParallelGCFailedAllocation (Allocation Failure)
Event: 8479.036 Executing safepoint VM operation: ParallelGCFailedAllocation (Allocation Failure) done
Event: 8480.041 Executing safepoint VM operation: Cleanup
Event: 8480.041 Executing safepoint VM operation: Cleanup done
Event: 8480.119 Executing safepoint VM operation: ParallelGCFailedAllocation (Allocation Failure)
Event: 8480.127 Executing safepoint VM operation: ParallelGCFailedAllocation (Allocation Failure) done
Event: 8480.753 Executing safepoint VM operation: ParallelGCFailedAllocation (Allocation Failure)
Event: 8480.764 Executing safepoint VM operation: ParallelGCFailedAllocation (Allocation Failure) done
Event: 8481.284 Executing safepoint VM operation: ParallelGCFailedAllocation (Allocation Failure)
Event: 8481.306 Executing safepoint VM operation: ParallelGCFailedAllocation (Allocation Failure) done
Event: 8482.319 Executing safepoint VM operation: Cleanup
Event: 8482.393 Executing safepoint VM operation: Cleanup done
Event: 8482.404 Executing safepoint VM operation: ParallelGCFailedAllocation (Allocation Failure)
Event: 8482.438 Executing safepoint VM operation: ParallelGCFailedAllocation (Allocation Failure) done

Memory protections (0 events):
No events

Nmethod flushes (20 events):
Event: 54.638 Thread 0x0000016850c9e140 flushing  nmethod 0x0000016854714690
Event: 54.638 Thread 0x0000016850c9e140 flushing  nmethod 0x0000016854714a90
Event: 54.638 Thread 0x0000016850c9e140 flushing  nmethod 0x0000016854714f10
Event: 54.638 Thread 0x0000016850c9e140 flushing  nmethod 0x0000016854715510
Event: 54.638 Thread 0x0000016850c9e140 flushing  nmethod 0x0000016854715910
Event: 54.638 Thread 0x0000016850c9e140 flushing  nmethod 0x0000016854736b90
Event: 54.638 Thread 0x0000016850c9e140 flushing  nmethod 0x000001685475b590
Event: 54.638 Thread 0x0000016850c9e140 flushing  nmethod 0x000001685475ba10
Event: 54.638 Thread 0x0000016850c9e140 flushing  nmethod 0x000001685475bf90
Event: 54.638 Thread 0x0000016850c9e140 flushing  nmethod 0x000001685475c510
Event: 54.638 Thread 0x0000016850c9e140 flushing  nmethod 0x000001685475ca10
Event: 54.638 Thread 0x0000016850c9e140 flushing  nmethod 0x000001685475d010
Event: 54.638 Thread 0x0000016850c9e140 flushing  nmethod 0x000001685475d390
Event: 54.638 Thread 0x0000016850c9e140 flushing  nmethod 0x000001685475dc10
Event: 54.638 Thread 0x0000016850c9e140 flushing  nmethod 0x000001685475e890
Event: 54.638 Thread 0x0000016850c9e140 flushing  nmethod 0x000001685475f410
Event: 54.638 Thread 0x0000016850c9e140 flushing  nmethod 0x000001685475f790
Event: 54.638 Thread 0x0000016850c9e140 flushing  nmethod 0x000001685475fe90
Event: 54.638 Thread 0x0000016850c9e140 flushing  nmethod 0x0000016854779890
Event: 54.638 Thread 0x0000016850c9e140 flushing  nmethod 0x00000168547fad90

Events (20 events):
Event: 35.503 Thread 0x0000016872169770 Thread exited: 0x0000016872169770
Event: 44.067 Thread 0x000001687457d200 Thread added: 0x000001687457be50
Event: 45.551 Thread 0x000001687457d890 Thread exited: 0x000001687457d890
Event: 45.551 Thread 0x00000168745796f0 Thread exited: 0x00000168745796f0
Event: 45.551 Thread 0x000001687457b7c0 Thread exited: 0x000001687457b7c0
Event: 45.551 Thread 0x0000016874579d80 Thread exited: 0x0000016874579d80
Event: 45.552 Thread 0x000001687457fff0 Thread exited: 0x000001687457fff0
Event: 85.488 Thread 0x0000016871ccd6a0 Thread exited: 0x0000016871ccd6a0
Event: 107.599 Thread 0x0000016871ccd010 Thread exited: 0x0000016871ccd010
Event: 109.060 Thread 0x0000016874580680 Thread exited: 0x0000016874580680
Event: 116.938 Thread 0x0000016871ccc980 Thread exited: 0x0000016871ccc980
Event: 169.065 Thread 0x000001687457be50 Thread exited: 0x000001687457be50
Event: 229.067 Thread 0x000001687457d200 Thread exited: 0x000001687457d200
Event: 324.532 Thread 0x0000016874579060 Thread exited: 0x0000016874579060
Event: 624.537 Thread 0x000001687457c4e0 Thread exited: 0x000001687457c4e0
Event: 924.542 Thread 0x000001687457df20 Thread exited: 0x000001687457df20
Event: 8463.261 Thread 0x0000016871ccb5d0 Thread added: 0x0000016874580680
Event: 8466.691 Thread 0x000001686bf57060 Thread added: 0x00000168731ab1d0
Event: 8468.649 Thread 0x00000168731ab1d0 Thread exited: 0x00000168731ab1d0
Event: 8475.183 Thread 0x0000016871ccb5d0 Thread added: 0x000001687457df20


Dynamic libraries:
0x00007ff65b5e0000 - 0x00007ff65b5ee000 	c:\Users\jessi\.antigravity-ide\extensions\redhat.java-1.56.0-win32-x64\jre\21.0.12.1-win32-x86_64\bin\java.exe
0x00007ffe400b0000 - 0x00007ffe402c7000 	C:\Windows\SYSTEM32\ntdll.dll
0x00007ffe3f910000 - 0x00007ffe3f9d4000 	C:\Windows\System32\KERNEL32.DLL
0x00007ffe3d6b0000 - 0x00007ffe3da67000 	C:\Windows\System32\KERNELBASE.dll
0x00007ffe3d3f0000 - 0x00007ffe3d501000 	C:\Windows\System32\ucrtbase.dll
0x00007ffe15b90000 - 0x00007ffe15ba8000 	c:\Users\jessi\.antigravity-ide\extensions\redhat.java-1.56.0-win32-x64\jre\21.0.12.1-win32-x86_64\bin\jli.dll
0x00007ffe3fe00000 - 0x00007ffe3ffaf000 	C:\Windows\System32\USER32.dll
0x00007ffe3d3c0000 - 0x00007ffe3d3e6000 	C:\Windows\System32\win32u.dll
0x00007ffe3f860000 - 0x00007ffe3f889000 	C:\Windows\System32\GDI32.dll
0x00007ffe3dcc0000 - 0x00007ffe3ddd8000 	C:\Windows\System32\gdi32full.dll
0x00007ffe3db60000 - 0x00007ffe3dbfa000 	C:\Windows\System32\msvcp_win.dll
0x00007ffe15b00000 - 0x00007ffe15b1e000 	c:\Users\jessi\.antigravity-ide\extensions\redhat.java-1.56.0-win32-x64\jre\21.0.12.1-win32-x86_64\bin\VCRUNTIME140.dll
0x00007ffe2f770000 - 0x00007ffe2fa03000 	C:\Windows\WinSxS\amd64_microsoft.windows.common-controls_6595b64144ccf1df_6.0.22621.3672_none_2713b9d173822955\COMCTL32.dll
0x00007ffe3fb70000 - 0x00007ffe3fc17000 	C:\Windows\System32\msvcrt.dll
0x00007ffe3fae0000 - 0x00007ffe3fb11000 	C:\Windows\System32\IMM32.DLL
0x00007ffe34ea0000 - 0x00007ffe34eac000 	c:\Users\jessi\.antigravity-ide\extensions\redhat.java-1.56.0-win32-x64\jre\21.0.12.1-win32-x86_64\bin\vcruntime140_1.dll
0x00007ffde86a0000 - 0x00007ffde872d000 	c:\Users\jessi\.antigravity-ide\extensions\redhat.java-1.56.0-win32-x64\jre\21.0.12.1-win32-x86_64\bin\msvcp140.dll
0x00007ffdc5ab0000 - 0x00007ffdc6852000 	c:\Users\jessi\.antigravity-ide\extensions\redhat.java-1.56.0-win32-x64\jre\21.0.12.1-win32-x86_64\bin\server\jvm.dll
0x00007ffe3ffb0000 - 0x00007ffe40062000 	C:\Windows\System32\ADVAPI32.dll
0x00007ffe3ec30000 - 0x00007ffe3ecd8000 	C:\Windows\System32\sechost.dll
0x00007ffe3d680000 - 0x00007ffe3d6a8000 	C:\Windows\System32\bcrypt.dll
0x00007ffe3f420000 - 0x00007ffe3f534000 	C:\Windows\System32\RPCRT4.dll
0x00007ffe3fc20000 - 0x00007ffe3fc91000 	C:\Windows\System32\WS2_32.dll
0x00007ffe3d290000 - 0x00007ffe3d2dd000 	C:\Windows\SYSTEM32\POWRPROF.dll
0x00007ffe35510000 - 0x00007ffe35544000 	C:\Windows\SYSTEM32\WINMM.dll
0x00007ffe38730000 - 0x00007ffe3873a000 	C:\Windows\SYSTEM32\VERSION.dll
0x00007ffe3d270000 - 0x00007ffe3d283000 	C:\Windows\SYSTEM32\UMPDC.dll
0x00007ffe3c3d0000 - 0x00007ffe3c3e8000 	C:\Windows\SYSTEM32\kernel.appcore.dll
0x00007ffe34e50000 - 0x00007ffe34e5a000 	c:\Users\jessi\.antigravity-ide\extensions\redhat.java-1.56.0-win32-x64\jre\21.0.12.1-win32-x86_64\bin\jimage.dll
0x00007ffe3ae40000 - 0x00007ffe3b072000 	C:\Windows\SYSTEM32\DBGHELP.DLL
0x00007ffe3ddf0000 - 0x00007ffe3e17e000 	C:\Windows\System32\combase.dll
0x00007ffe3ece0000 - 0x00007ffe3edb7000 	C:\Windows\System32\OLEAUT32.dll
0x00007ffe18730000 - 0x00007ffe18762000 	C:\Windows\SYSTEM32\dbgcore.DLL
0x00007ffe3dae0000 - 0x00007ffe3db5b000 	C:\Windows\System32\bcryptPrimitives.dll
0x00007ffe2f370000 - 0x00007ffe2f37f000 	c:\Users\jessi\.antigravity-ide\extensions\redhat.java-1.56.0-win32-x64\jre\21.0.12.1-win32-x86_64\bin\instrument.dll
0x00007ffde92d0000 - 0x00007ffde92f0000 	c:\Users\jessi\.antigravity-ide\extensions\redhat.java-1.56.0-win32-x64\jre\21.0.12.1-win32-x86_64\bin\java.dll
0x00007ffe3e190000 - 0x00007ffe3e9f9000 	C:\Windows\System32\SHELL32.dll
0x00007ffe3b2e0000 - 0x00007ffe3bbdf000 	C:\Windows\SYSTEM32\windows.storage.dll
0x00007ffe3b1a0000 - 0x00007ffe3b2df000 	C:\Windows\SYSTEM32\wintypes.dll
0x00007ffe3f6a0000 - 0x00007ffe3f799000 	C:\Windows\System32\SHCORE.dll
0x00007ffe3ebb0000 - 0x00007ffe3ec0e000 	C:\Windows\System32\shlwapi.dll
0x00007ffe3d2f0000 - 0x00007ffe3d317000 	C:\Windows\SYSTEM32\profapi.dll
0x00007ffde8d50000 - 0x00007ffde8d68000 	c:\Users\jessi\.antigravity-ide\extensions\redhat.java-1.56.0-win32-x64\jre\21.0.12.1-win32-x86_64\bin\zip.dll
0x00007ffe26ab0000 - 0x00007ffe26ac0000 	C:\Users\jessi\.antigravity-ide\extensions\redhat.java-1.56.0-win32-x64\jre\21.0.12.1-win32-x86_64\bin\net.dll
0x00007ffe360d0000 - 0x00007ffe36206000 	C:\Windows\SYSTEM32\WINHTTP.dll
0x00007ffe3c830000 - 0x00007ffe3c899000 	C:\Windows\system32\mswsock.dll
0x00007ffe16040000 - 0x00007ffe16056000 	C:\Users\jessi\.antigravity-ide\extensions\redhat.java-1.56.0-win32-x64\jre\21.0.12.1-win32-x86_64\bin\nio.dll
0x00007ffe19730000 - 0x00007ffe19740000 	c:\Users\jessi\.antigravity-ide\extensions\redhat.java-1.56.0-win32-x64\jre\21.0.12.1-win32-x86_64\bin\verify.dll
0x00007ffdf9b70000 - 0x00007ffdf9bb5000 	C:\Users\jessi\AppData\Roaming\Antigravity IDE\User\globalStorage\redhat.java\1.56.0\config_win\org.eclipse.equinox.launcher\org.eclipse.equinox.launcher.win32.win32.x86_64_1.3.100.v20260804-1928\eclipse_11924.dll
0x00007ffe3ea00000 - 0x00007ffe3eba5000 	C:\Windows\System32\ole32.dll
0x00007ffe3ca80000 - 0x00007ffe3ca9b000 	C:\Windows\SYSTEM32\CRYPTSP.dll
0x00007ffe3c330000 - 0x00007ffe3c365000 	C:\Windows\system32\rsaenh.dll
0x00007ffe3c8d0000 - 0x00007ffe3c8f8000 	C:\Windows\SYSTEM32\USERENV.dll
0x00007ffe3ca40000 - 0x00007ffe3ca4c000 	C:\Windows\SYSTEM32\CRYPTBASE.dll
0x00007ffe3be40000 - 0x00007ffe3be6d000 	C:\Windows\SYSTEM32\IPHLPAPI.DLL
0x00007ffe3f7a0000 - 0x00007ffe3f7a9000 	C:\Windows\System32\NSI.dll
0x00007ffde8570000 - 0x00007ffde85b9000 	C:\Users\jessi\AppData\Local\Temp\jna-101016302\jna3554259271639078256.dll
0x00007ffe3e180000 - 0x00007ffe3e188000 	C:\Windows\System32\PSAPI.DLL
0x00007ffe35bb0000 - 0x00007ffe35bc9000 	C:\Windows\SYSTEM32\dhcpcsvc6.DLL
0x00007ffe35b50000 - 0x00007ffe35b6f000 	C:\Windows\SYSTEM32\dhcpcsvc.DLL

JVMTI agents:
c:\Users\jessi\.antigravity-ide\extensions\redhat.java-1.56.0-win32-x64\lombok\lombok-1.18.39-4050.jar path:c:\Users\jessi\.antigravity-ide\extensions\redhat.java-1.56.0-win32-x64\jre\21.0.12.1-win32-x86_64\bin\instrument.dll, loaded, initialized, instrumentlib options:none

dbghelp: loaded successfully - version: 4.0.5 - missing functions: none
symbol engine: initialized successfully - sym options: 0x614 - pdb path: .;c:\Users\jessi\.antigravity-ide\extensions\redhat.java-1.56.0-win32-x64\jre\21.0.12.1-win32-x86_64\bin;C:\Windows\SYSTEM32;C:\Windows\WinSxS\amd64_microsoft.windows.common-controls_6595b64144ccf1df_6.0.22621.3672_none_2713b9d173822955;c:\Users\jessi\.antigravity-ide\extensions\redhat.java-1.56.0-win32-x64\jre\21.0.12.1-win32-x86_64\bin\server;C:\Users\jessi\AppData\Roaming\Antigravity IDE\User\globalStorage\redhat.java\1.56.0\config_win\org.eclipse.equinox.launcher\org.eclipse.equinox.launcher.win32.win32.x86_64_1.3.100.v20260804-1928;C:\Users\jessi\AppData\Local\Temp\jna-101016302

VM Arguments:
jvm_args: --add-modules=ALL-SYSTEM --add-opens=java.base/java.util=ALL-UNNAMED --add-opens=java.base/java.lang=ALL-UNNAMED --add-opens=java.base/sun.nio.fs=ALL-UNNAMED -Declipse.application=org.eclipse.jdt.ls.core.id1 -Dosgi.bundles.defaultStartLevel=4 -Declipse.product=org.eclipse.jdt.ls.core.product -Djava.import.generatesMetadataFilesAtProjectRoot=false -Dm2e.project.cache.size=50 -DDetectVMInstallationsJob.disabled=true -Dfile.encoding=utf8 -XX:+UseParallelGC -XX:GCTimeRatio=4 -XX:AdaptiveSizePolicyWeight=90 -Dsun.zip.disableMemoryMapping=true -Xmx4G -Xms100m -Xlog:disable -javaagent:c:\Users\jessi\.antigravity-ide\extensions\redhat.java-1.56.0-win32-x64\lombok\lombok-1.18.39-4050.jar -XX:+HeapDumpOnOutOfMemoryError -XX:HeapDumpPath=c:\Users\jessi\AppData\Roaming\Antigravity IDE\User\workspaceStorage\ac9296241b9f867e80d24f11e87c1f10\redhat.java -Daether.dependencyCollector.impl=bf 
java_command: c:\Users\jessi\.antigravity-ide\extensions\redhat.java-1.56.0-win32-x64\server\plugins\org.eclipse.equinox.launcher_1.8.0.v20260804-1928.jar -configuration c:\Users\jessi\AppData\Roaming\Antigravity IDE\User\globalStorage\redhat.java\1.56.0\config_win -data c:\Users\jessi\AppData\Roaming\Antigravity IDE\User\workspaceStorage\ac9296241b9f867e80d24f11e87c1f10\redhat.java\jdt_ws --stdio
java_class_path (initial): c:\Users\jessi\.antigravity-ide\extensions\redhat.java-1.56.0-win32-x64\server\plugins\org.eclipse.equinox.launcher_1.8.0.v20260804-1928.jar
Launcher Type: SUN_STANDARD

[Global flags]
    uintx AdaptiveSizePolicyWeight                 = 90                                        {product} {command line}
     intx CICompilerCount                          = 3                                         {product} {ergonomic}
    uintx GCTimeRatio                              = 4                                         {product} {command line}
     bool HeapDumpOnOutOfMemoryError               = true                                   {manageable} {command line}
    ccstr HeapDumpPath                             = c:\Users\jessi\AppData\Roaming\Antigravity IDE\User\workspaceStorage\ac9296241b9f867e80d24f11e87c1f10\redhat.java         {manageable} {command line}
   size_t InitialHeapSize                          = 104857600                                 {product} {command line}
   size_t MaxHeapSize                              = 4294967296                                {product} {command line}
   size_t MaxNewSize                               = 1431306240                                {product} {ergonomic}
   size_t MinHeapDeltaBytes                        = 524288                                    {product} {ergonomic}
   size_t MinHeapSize                              = 104857600                                 {product} {command line}
   size_t NewSize                                  = 34603008                                  {product} {ergonomic}
    uintx NonNMethodCodeHeapSize                   = 5832780                                {pd product} {ergonomic}
    uintx NonProfiledCodeHeapSize                  = 122912730                              {pd product} {ergonomic}
   size_t OldSize                                  = 70254592                                  {product} {ergonomic}
    uintx ProfiledCodeHeapSize                     = 122912730                              {pd product} {ergonomic}
    uintx ReservedCodeCacheSize                    = 251658240                              {pd product} {ergonomic}
     bool SegmentedCodeCache                       = true                                      {product} {ergonomic}
   size_t SoftMaxHeapSize                          = 4294967296                             {manageable} {ergonomic}
     bool UseCompressedOops                        = true                           {product lp64_product} {ergonomic}
     bool UseLargePagesIndividualAllocation        = false                                  {pd product} {ergonomic}
     bool UseParallelGC                            = true                                      {product} {command line}

Logging:
Log output configuration:
 #0: stdout all=off uptime,level,tags foldmultilines=false
 #1: stderr all=off uptime,level,tags foldmultilines=false

Release file:
JAVA_VERSION="21.0.12.1" 
MODULES="java.base java.compiler java.datatransfer java.xml java.prefs java.desktop java.instrument java.logging java.management java.security.sasl java.naming java.rmi java.management.rmi java.net.http java.scripting java.security.jgss java.transaction.xa java.sql java.sql.rowset java.xml.crypto java.se java.smartcardio jdk.accessibility jdk.internal.jvmstat jdk.attach jdk.charsets jdk.internal.opt jdk.zipfs jdk.compiler jdk.crypto.ec jdk.crypto.cryptoki jdk.crypto.mscapi jdk.dynalink jdk.internal.ed jdk.editpad jdk.hotspot.agent jdk.httpserver jdk.internal.le jdk.internal.vm.ci jdk.internal.vm.compiler jdk.internal.vm.compiler.management jdk.jartool jdk.javadoc jdk.jcmd jdk.management jdk.management.agent jdk.jconsole jdk.jdeps jdk.jdwp.agent jdk.jdi jdk.jfr jdk.jshell jdk.jsobject jdk.jstatd jdk.localedata jdk.management.jfr jdk.naming.dns jdk.naming.rmi jdk.net jdk.nio.mapmode jdk.random jdk.sctp jdk.security.auth jdk.security.jgss jdk.unsupported jdk.unsupported.desktop jdk.xml.dom" 

Environment Variables:
JAVA_HOME=C:\Program Files\Eclipse Adoptium\jdk-21.0.11.10-hotspot\
PATH=C:\Program Files\Eclipse Adoptium\jdk-21.0.11.10-hotspot\bin;C:\Program Files\Eclipse Adoptium\jdk-25.0.3.9-hotspot\bin;C:\Windows\system32;C:\Windows;C:\Windows\System32\Wbem;C:\Windows\System32\WindowsPowerShell\v1.0\;C:\Windows\System32\OpenSSH\;C:\Program Files\Git\cmd;C:\Program Files\dotnet\;C:\Program Files\nodejs\;C:\Program Files\Docker\Docker\resources\bin;C:\Program Files (x86)\Microsoft SQL Server\170\Tools\Binn\;C:\Program Files\Microsoft SQL Server\170\Tools\Binn\;C:\Program Files\Microsoft SQL Server\Client SDK\ODBC\180\Tools\Binn\;C:\Program Files\Microsoft SQL Server\170\DTS\Binn\;C:\Users\jessi\AppData\Local\Programs\Python\Python314\Scripts\;C:\Users\jessi\AppData\Local\Programs\Python\Python314\;C:\Program Files\Eclipse Adoptium\jdk-21.0.11.10-hotspot\bin;C:\Program Files\Eclipse Adoptium\jdk-25.0.3.9-hotspot\bin;C:\Windows\system32;C:\Windows;C:\Windows\System32\Wbem;C:\Windows\System32\WindowsPowerShell\v1.0\;C:\Windows\System32\OpenSSH\;C:\Program Files\Git\cmd;C:\Program Files\dotnet\;C:\Program Files\nodejs\;C:\Program Files\Docker\Docker\resources\bin;C:\Program Files (x86)\Microsoft SQL Server\170\Tools\Binn\;C:\Program Files\Microsoft SQL Server\170\Tools\Binn\;C:\Program Files\Microsoft SQL Server\Client SDK\ODBC\180\Tools\Binn\;C:\Program Files\Microsoft SQL Server\170\DTS\Binn\;C:\Users\jessi\AppData\Local\Microsoft\WindowsApps;C:\Users\jessi\AppData\Local\spicetify;C:\Users\jessi\AppData\Local\Programs\Microsoft VS Code\bin;C:\Users\jessi\AppData\Local\Programs\Antigravity IDE\bin;C:\Users\jessi\.dotnet\tools;C:\Users\jessi\AppData\Roaming\npm;C:\Users\jessi\AppData\Local\Programs\MiKTeX\miktex\bin\x64\;C:\Users\jessi\AppData\Local\Programs\MiKTeX\miktex\bin\x64
USERNAME=jessi
OS=Windows_NT
PROCESSOR_IDENTIFIER=Intel64 Family 6 Model 142 Stepping 9, GenuineIntel
TMP=C:\Users\jessi\AppData\Local\Temp
TEMP=C:\Users\jessi\AppData\Local\Temp




Periodic native trim disabled

---------------  S Y S T E M  ---------------

OS:
 Windows 11 , 64 bit Build 22621 (10.0.22621.3958)
OS uptime: 2 days 14:58 hours
Hyper-V role detected

CPU: total 4 (initial active 4) (2 cores per cpu, 2 threads per core) family 6 model 142 stepping 9 microcode 0xde, cx8, cmov, fxsr, ht, mmx, 3dnowpref, sse, sse2, sse3, ssse3, sse4.1, sse4.2, popcnt, lzcnt, tsc, tscinvbit, avx, avx2, aes, erms, clmul, bmi1, bmi2, adx, fma, vzeroupper, clflush, clflushopt, hv, rdtscp, f16c
Processor Information for the first 4 processors :
  Max Mhz: 2701, Current Mhz: 2500, Mhz Limit: 2484

Memory: 4k page, system-wide physical 8057M (271M free)
TotalPageFile size 22262M (AvailPageFile size 9M)
current process WorkingSet (physical memory assigned to process): 259M, peak: 290M
current process commit charge ("private bytes"): 490M, peak: 490M

vm_info: OpenJDK 64-Bit Server VM (21.0.12.1+1-LTS) for windows-amd64 JRE (21.0.12.1+1-LTS), built on 2026-08-18T00:00:00Z by "admin" with MS VC++ 17.12 (VS2022)

END.
