FOUND - Empirical standards for softwa... -> 10.1145/3239235.3267437
FOUND - Sampling in software engineeri... -> 10.1007/s10664-021-10072-8
FOUND - A design science research meth... -> 10.7717/peerj-cs.3957/fig-2
FOUND - Design science in information ... -> 10.26686/wgtn.13088591
FOUND - The PRISMA 2020 statement: an ... -> 10.1016/j.jval.2020.04.1154
FOUND - The FAIR Guiding Principles fo... -> 10.3410/f.726216348.793543848
FOUND - Reproducible research in compu... -> 10.22541/au.174965568.86721412/v1
FOUND - Ten simple rules for reproduci... -> 10.3410/f.720906062.793556792
FOUND - Guidelines for conducting and ... -> 10.1007/s10664-008-9102-8
FOUND - Experimentation in Software En... -> 10.1007/3-540-27662-9_19
FOUND - Requirements Engineering: Fund... -> 10.5860/choice.48-3304
FOUND - Software Requirements... -> 10.1109/9781118156674.gloss
FOUND - Software Architecture in Pract... -> 10.1109/wicsa.2005.62
FOUND - Patterns of Enterprise Applica... -> 10.1007/978-1-4302-1010-8_1
FOUND - Designing Data-Intensive Appli... -> 10.3990/1.9789036574273
FOUND - Fundamentals of Software Archi... -> 10.1201/b10681-7
FOUND - The C4 Model for Visualising S... -> 10.1109/wicsa-ecsa.212.58
FOUND - Writing Effective Use Cases... -> 10.1007/978-1-4842-9830-5_14
FOUND - User Stories Applied: For Agil... -> 10.4018/978-1-59904-216-9.ch004
FOUND - SUS: A 'quick and dirty' usabi... -> 10.1201/9781498710411-35
FOUND - Systems and software engineeri... -> 10.3403/30230210
FOUND - Systems and software engineeri... -> 10.3403/30215101
FOUND - INCOSE Guide to Writing Requir... -> 10.1002/j.2334-5837.1994.tb01834.x
FOUND - OWASP Top 10: 2021 -- The Ten ... -> 10.31326/jisa.v6i2.1656
FOUND - JSON Web Token (JWT)... -> 10.17487/rfc9701
FOUND - Architectural Styles and the D... -> 10.1016/j.jss.2016.01.039
FOUND - ANSI/NISO Z39.104-2022, CRediT... -> 10.3789/ansi.niso.z39.104-2022
FOUND - Software citation principles... -> 10.7287/peerj.preprints.2169v3
FOUND - Guidelines for performing Syst... -> 10.1145/1134285.1134500
FOUND - Spring in Action... -> 10.2172/5141637
FOUND - The Goal Question Metric Appro... -> 10.1002/0471028959.sof142
FOUND - Global Status Report on Road S... -> 10.26719/2011.17.10.770
OK - 10.1016/j.jsr.2024.08.002 already present
OK - 10.1016/j.trf.2018.12.006 already present
OK - 10.3390/app13095266 already present
OK - 10.1016/j.ssci.2019.04.004 already present
OK - 10.1016/j.promfg.2015.07.422 already present
OK - 10.1016/j.aap.2013.09.018 already present
OK - 10.1016/j.jsr.2011.06.004 already present
OK - 10.3390/safety7020024 already present
OK - 10.1002/stvr.1486 already present
OK - 10.3102/10769986025002101 already present
OK - 10.1037/0033-2909.114.3.494 already present
FOUND - Software Architecture for Deve... -> 10.1109/ms.2015.125
OK - 10.1007/978-3-642-32460-4 already present
FOUND - A simple sequentially rejectiv... -> 10.2307/2532027