This is pdfTeX, Version 3.141592653-2.6-1.40.29 (MiKTeX 26.5) (preloaded format=pdflatex 2026.9.7)  18 SEP 2026 03:18
entering extended mode
 restricted \write18 enabled.
 %&-line parsing enabled.
**"./entrega -1a.tex"
(entrega -1a.tex
LaTeX2e <2026-06-01>
L3 programming layer <2026-07-20>
)
! Emergency stop.
<*> "./entrega -1a.tex"
                       
*** (job aborted, no legal \end found)

 
Here is how much of TeX's memory you used:
 16 strings out of 467501
 367 string characters out of 5407579
 435380 words of memory out of 5000000
 29363 multiletter control sequences out of 15000+600000
 627721 words of font info for 40 fonts, out of 8000000 for 9000
 1141 hyphenation exceptions out of 8191
 12i,0n,13p,51b,8s stack positions out of 10000i,1000n,20000p,200000b,200000s
!  ==> Fatal error occurred, no output PDF file produced!
