\BOOKMARK [0][-]{chapter.1}{\376\377\000I\000n\000t\000r\000o\000d\000u\000c\000c\000i\000\363\000n}{}% 1
\BOOKMARK [1][-]{section.1.1}{\376\377\000C\000o\000n\000t\000e\000x\000t\000o\000\040\000y\000\040\000m\000o\000t\000i\000v\000a\000c\000i\000\363\000n}{chapter.1}% 2
\BOOKMARK [1][-]{section.1.2}{\376\377\000P\000r\000e\000g\000u\000n\000t\000a\000s\000\040\000d\000e\000\040\000i\000n\000v\000e\000s\000t\000i\000g\000a\000c\000i\000\363\000n}{chapter.1}% 3
\BOOKMARK [1][-]{section.1.3}{\376\377\000C\000a\000l\000i\000d\000a\000d\000\040\000d\000e\000l\000\040\000p\000r\000o\000d\000u\000c\000t\000o\000\040\000d\000e\000\040\000s\000o\000f\000t\000w\000a\000r\000e}{chapter.1}% 4
\BOOKMARK [1][-]{section.1.4}{\376\377\000A\000u\000t\000e\000n\000t\000i\000c\000a\000c\000i\000\363\000n\000,\000\040\000a\000u\000t\000o\000r\000i\000z\000a\000c\000i\000\363\000n\000\040\000y\000\040\000g\000e\000s\000t\000i\000\363\000n\000\040\000d\000e\000\040\000s\000e\000s\000i\000\363\000n}{chapter.1}% 5
\BOOKMARK [1][-]{section.1.5}{\376\377\000P\000e\000r\000s\000i\000s\000t\000e\000n\000c\000i\000a\000,\000\040\000c\000a\000c\000h\000\351\000\040\000y\000\040\000c\000o\000n\000s\000i\000s\000t\000e\000n\000c\000i\000a}{chapter.1}% 6
\BOOKMARK [1][-]{section.1.6}{\376\377\000R\000e\000p\000r\000o\000d\000u\000c\000i\000b\000i\000l\000i\000d\000a\000d\000\040\000y\000\040\000d\000a\000t\000o\000s\000\040\000F\000A\000I\000R}{chapter.1}% 7
\BOOKMARK [1][-]{section.1.7}{\376\377\000O\000b\000j\000e\000t\000i\000v\000o\000s}{chapter.1}% 8
\BOOKMARK [2][-]{subsection.1.7.1}{\376\377\000O\000b\000j\000e\000t\000i\000v\000o\000\040\000G\000e\000n\000e\000r\000a\000l}{section.1.7}% 9
\BOOKMARK [2][-]{subsection.1.7.2}{\376\377\000O\000b\000j\000e\000t\000i\000v\000o\000s\000\040\000E\000s\000p\000e\000c\000\355\000f\000i\000c\000o\000s}{section.1.7}% 10
\BOOKMARK [1][-]{section.1.8}{\376\377\000C\000o\000n\000t\000r\000i\000b\000u\000c\000i\000o\000n\000e\000s}{chapter.1}% 11
\BOOKMARK [1][-]{section.1.9}{\376\377\000O\000r\000g\000a\000n\000i\000z\000a\000c\000i\000\363\000n\000\040\000d\000e\000l\000\040\000d\000o\000c\000u\000m\000e\000n\000t\000o}{chapter.1}% 12
\BOOKMARK [0][-]{chapter.2}{\376\377\000M\000a\000r\000c\000o\000\040\000T\000e\000\363\000r\000i\000c\000o}{}% 13
\BOOKMARK [1][-]{section.2.1}{\376\377\000M\000o\000d\000e\000l\000o\000s\000\040\000d\000e\000\040\000S\000i\000m\000u\000l\000a\000c\000i\000\363\000n\000\040\000d\000e\000\040\000T\000r\000\341\000f\000i\000c\000o}{chapter.2}% 14
\BOOKMARK [1][-]{section.2.2}{\376\377\000M\000o\000d\000e\000l\000a\000d\000o\000\040\000E\000n\000t\000i\000d\000a\000d\000-\000R\000e\000l\000a\000c\000i\000\363\000n}{chapter.2}% 15
\BOOKMARK [1][-]{section.2.3}{\376\377\000A\000r\000q\000u\000i\000t\000e\000c\000t\000u\000r\000a\000\040\000d\000e\000\040\000S\000o\000f\000t\000w\000a\000r\000e\000\040\000y\000\040\000M\000o\000d\000e\000l\000o\000\040\000C\0004}{chapter.2}% 16
\BOOKMARK [1][-]{section.2.4}{\376\377\000E\000s\000t\000r\000u\000c\000t\000u\000r\000a\000\040\000d\000e\000\040\000O\000b\000j\000e\000t\000o\000s\000\040\000d\000e\000l\000\040\000D\000o\000m\000i\000n\000i\000o\000\040\000C\000e\000n\000t\000r\000a\000l}{chapter.2}% 17
\BOOKMARK [1][-]{section.2.5}{\376\377\000I\000n\000g\000e\000n\000i\000e\000r\000\355\000a\000\040\000d\000e\000\040\000U\000s\000a\000b\000i\000l\000i\000d\000a\000d}{chapter.2}% 18
\BOOKMARK [0][-]{chapter.3}{\376\377\000T\000r\000a\000b\000a\000j\000o\000s\000\040\000R\000e\000l\000a\000c\000i\000o\000n\000a\000d\000o\000s}{}% 19
\BOOKMARK [1][-]{section.3.1}{\376\377\000B\000r\000e\000c\000h\000a\000\040\000I\000d\000e\000n\000t\000i\000f\000i\000c\000a\000d\000a\000\040\000\050\000R\000e\000s\000e\000a\000r\000c\000h\000\040\000G\000a\000p\000\051}{chapter.3}% 20
\BOOKMARK [0][-]{chapter.4}{\376\377\000I\000n\000g\000e\000n\000i\000e\000r\000\355\000a\000\040\000d\000e\000\040\000R\000e\000q\000u\000i\000s\000i\000t\000o\000s}{}% 21
\BOOKMARK [1][-]{section.4.1}{\376\377\000I\000n\000t\000e\000r\000e\000s\000a\000d\000o\000s\000\040\000y\000\040\000E\000l\000i\000c\000i\000t\000a\000c\000i\000\363\000n}{chapter.4}% 22
\BOOKMARK [1][-]{section.4.2}{\376\377\000R\000e\000q\000u\000i\000s\000i\000t\000o\000s\000\040\000F\000u\000n\000c\000i\000o\000n\000a\000l\000e\000s\000\040\000y\000\040\000N\000o\000\040\000F\000u\000n\000c\000i\000o\000n\000a\000l\000e\000s}{chapter.4}% 23
\BOOKMARK [1][-]{section.4.3}{\376\377\000A\000l\000c\000a\000n\000c\000e\000\040\000y\000\040\000e\000x\000c\000l\000u\000s\000i\000o\000n\000e\000s}{chapter.4}% 24
\BOOKMARK [1][-]{section.4.4}{\376\377\000T\000r\000a\000z\000a\000b\000i\000l\000i\000d\000a\000d\000\040\000y\000\040\000c\000o\000n\000t\000r\000o\000l\000\040\000d\000e\000\040\000c\000a\000m\000b\000i\000o\000s}{chapter.4}% 25
\BOOKMARK [1][-]{section.4.5}{\376\377\000M\000\351\000t\000r\000i\000c\000a\000s\000\040\000d\000e\000\040\000C\000a\000l\000i\000d\000a\000d\000\040\000d\000e\000\040\000R\000e\000q\000u\000i\000s\000i\000t\000o\000s}{chapter.4}% 26
\BOOKMARK [0][-]{chapter.5}{\376\377\000M\000a\000t\000e\000r\000i\000a\000l\000e\000s\000\040\000y\000\040\000M\000\351\000t\000o\000d\000o\000s}{}% 27
\BOOKMARK [1][-]{section.5.1}{\376\377\000E\000n\000f\000o\000q\000u\000e\000\040\000M\000e\000t\000o\000d\000o\000l\000\363\000g\000i\000c\000o\000\040\000\050\000D\000S\000R\000\040\000d\000e\000\040\000P\000e\000f\000f\000e\000r\000s\000\051}{chapter.5}% 28
\BOOKMARK [1][-]{section.5.2}{\376\377\000I\000n\000s\000t\000r\000u\000m\000e\000n\000t\000o\000s\000\040\000d\000e\000\040\000M\000e\000d\000i\000c\000i\000\363\000n\000\040\000y\000\040\000P\000r\000o\000t\000o\000c\000o\000l\000o\000\040\000E\000x\000p\000e\000r\000i\000m\000e\000n\000t\000a\000l}{chapter.5}% 29
\BOOKMARK [1][-]{section.5.3}{\376\377\000P\000o\000b\000l\000a\000c\000i\000\363\000n\000,\000\040\000m\000u\000e\000s\000t\000r\000a\000\040\000y\000\040\000e\000s\000t\000r\000a\000t\000e\000g\000i\000a\000\040\000d\000e\000\040\000m\000u\000e\000s\000t\000r\000e\000o}{chapter.5}% 30
\BOOKMARK [1][-]{section.5.4}{\376\377\000P\000r\000e\000g\000u\000n\000t\000a\000s\000,\000\040\000h\000i\000p\000\363\000t\000e\000s\000i\000s\000\040\000y\000\040\000a\000n\000\341\000l\000i\000s\000i\000s\000\040\000e\000s\000t\000a\000d\000\355\000s\000t\000i\000c\000o}{chapter.5}% 31
\BOOKMARK [1][-]{section.5.5}{\376\377\000V\000a\000r\000i\000a\000b\000l\000e\000s\000\040\000y\000\040\000c\000r\000i\000t\000e\000r\000i\000o\000s\000\040\000d\000e\000\040\000a\000c\000e\000p\000t\000a\000c\000i\000\363\000n}{chapter.5}% 32
\BOOKMARK [1][-]{section.5.6}{\376\377\000P\000r\000o\000c\000e\000d\000i\000m\000i\000e\000n\000t\000o\000\040\000r\000e\000p\000r\000o\000d\000u\000c\000i\000b\000l\000e}{chapter.5}% 33
\BOOKMARK [1][-]{section.5.7}{\376\377\000G\000e\000s\000t\000i\000\363\000n\000\040\000d\000e\000\040\000e\000v\000i\000d\000e\000n\000c\000i\000a}{chapter.5}% 34
\BOOKMARK [0][-]{chapter.6}{\376\377\000D\000i\000s\000e\000\361\000o\000\040\000d\000e\000l\000\040\000S\000i\000s\000t\000e\000m\000a\000\040\000y\000\040\000A\000r\000q\000u\000i\000t\000e\000c\000t\000u\000r\000a}{}% 35
\BOOKMARK [1][-]{section.6.1}{\376\377\000M\000o\000d\000e\000l\000o\000\040\000A\000r\000q\000u\000i\000t\000e\000c\000t\000\363\000n\000i\000c\000o\000\040\000C\0004}{chapter.6}% 36
\BOOKMARK [1][-]{section.6.2}{\376\377\000A\000t\000r\000i\000b\000u\000t\000o\000s\000\040\000a\000r\000q\000u\000i\000t\000e\000c\000t\000\363\000n\000i\000c\000o\000s}{chapter.6}% 38
\BOOKMARK [1][-]{section.6.3}{\376\377\000R\000e\000g\000i\000s\000t\000r\000o\000s\000\040\000d\000e\000\040\000D\000e\000c\000i\000s\000i\000\363\000n\000\040\000A\000r\000q\000u\000i\000t\000e\000c\000t\000\363\000n\000i\000c\000a\000\040\000\050\000A\000D\000R\000s\000\051}{chapter.6}% 39
\BOOKMARK [0][-]{chapter.7}{\376\377\000I\000m\000p\000l\000e\000m\000e\000n\000t\000a\000c\000i\000\363\000n}{}% 40
\BOOKMARK [1][-]{section.7.1}{\376\377\000E\000s\000t\000r\000a\000t\000e\000g\000i\000a\000\040\000H\000\355\000b\000r\000i\000d\000a\000\040\000d\000e\000\040\000A\000c\000c\000e\000s\000o\000\040\000a\000\040\000D\000a\000t\000o\000s}{chapter.7}% 41
\BOOKMARK [1][-]{section.7.2}{\376\377\000F\000l\000u\000j\000o\000\040\000d\000e\000\040\000a\000u\000t\000e\000n\000t\000i\000c\000a\000c\000i\000\363\000n}{chapter.7}% 42
\BOOKMARK [1][-]{section.7.3}{\376\377\000F\000r\000o\000n\000t\000e\000n\000d\000\040\000y\000\040\000e\000x\000p\000e\000r\000i\000e\000n\000c\000i\000a\000\040\000d\000e\000\040\000u\000s\000o}{chapter.7}% 43
\BOOKMARK [1][-]{section.7.4}{\376\377\000C\000o\000n\000f\000i\000g\000u\000r\000a\000c\000i\000\363\000n\000\040\000y\000\040\000o\000p\000e\000r\000a\000c\000i\000\363\000n}{chapter.7}% 44
\BOOKMARK [0][-]{chapter.8}{\376\377\000E\000v\000a\000l\000u\000a\000c\000i\000\363\000n\000\040\000E\000m\000p\000\355\000r\000i\000c\000a\000\040\000y\000\040\000R\000e\000s\000u\000l\000t\000a\000d\000o\000s}{}% 45
\BOOKMARK [1][-]{section.8.1}{\376\377\000R\000e\000n\000d\000i\000m\000i\000e\000n\000t\000o\000\040\000y\000\040\000C\000a\000r\000g\000a\000\040\000\050\000k\0006\000\051}{chapter.8}% 46
\BOOKMARK [1][-]{section.8.2}{\376\377\000U\000s\000a\000b\000i\000l\000i\000d\000a\000d\000\040\000d\000e\000l\000\040\000S\000i\000s\000t\000e\000m\000a\000\040\000\050\000S\000U\000S\000\051}{chapter.8}% 47
\BOOKMARK [1][-]{section.8.3}{\376\377\000C\000o\000b\000e\000r\000t\000u\000r\000a\000\040\000d\000e\000\040\000C\000\363\000d\000i\000g\000o\000\040\000\050\000J\000a\000C\000o\000C\000o\000\051}{chapter.8}% 48
\BOOKMARK [1][-]{section.8.4}{\376\377\000S\000e\000g\000u\000r\000i\000d\000a\000d\000\040\000y\000\040\000A\000u\000d\000i\000t\000o\000r\000\355\000a\000\040\000W\000e\000b}{chapter.8}% 49
\BOOKMARK [1][-]{section.8.5}{\376\377\000S\000\355\000n\000t\000e\000s\000i\000s\000\040\000d\000e\000\040\000c\000u\000m\000p\000l\000i\000m\000i\000e\000n\000t\000o}{chapter.8}% 50
\BOOKMARK [0][-]{chapter.9}{\376\377\000D\000i\000s\000c\000u\000s\000i\000\363\000n}{}% 51
\BOOKMARK [0][-]{chapter.10}{\376\377\000A\000m\000e\000n\000a\000z\000a\000s\000\040\000a\000\040\000l\000a\000\040\000V\000a\000l\000i\000d\000e\000z}{}% 52
\BOOKMARK [0][-]{chapter.11}{\376\377\000T\000r\000a\000b\000a\000j\000o\000\040\000F\000u\000t\000u\000r\000o}{}% 53
\BOOKMARK [0][-]{chapter.12}{\376\377\000C\000o\000n\000c\000l\000u\000s\000i\000o\000n\000e\000s}{}% 54
\BOOKMARK [0][-]{chapter*.8}{\376\377\000D\000e\000c\000l\000a\000r\000a\000c\000i\000o\000n\000e\000s\000\040\000O\000b\000l\000i\000g\000a\000t\000o\000r\000i\000a\000s}{}% 55
\BOOKMARK [0][-]{appendix.A}{\376\377\000B\000i\000t\000\341\000c\000o\000r\000a\000\040\000A\000c\000u\000m\000u\000l\000a\000t\000i\000v\000a\000\040\000d\000e\000\040\000O\000b\000s\000e\000r\000v\000a\000c\000i\000o\000n\000e\000s}{}% 56
\BOOKMARK [0][-]{appendix.B}{\376\377\000P\000r\000o\000t\000o\000c\000o\000l\000o\000\040\000d\000e\000\040\000V\000e\000r\000i\000f\000i\000c\000a\000c\000i\000\363\000n\000\040\000T\000\351\000c\000n\000i\000c\000a\000\040\000F\000i\000n\000a\000l}{}% 57
\BOOKMARK [1][-]{appendix.B.1}{\376\377\000I\000n\000s\000t\000a\000l\000a\000c\000i\000\363\000n\000\040\000d\000e\000s\000d\000e\000\040\000u\000n\000a\000\040\000b\000a\000s\000e\000\040\000v\000a\000c\000\355\000a}{appendix.B}% 58
\BOOKMARK [1][-]{appendix.B.2}{\376\377\000A\000c\000t\000u\000a\000l\000i\000z\000a\000c\000i\000\363\000n\000\040\000d\000e\000\040\000u\000n\000a\000\040\000i\000n\000s\000t\000a\000l\000a\000c\000i\000\363\000n\000\040\000e\000x\000i\000s\000t\000e\000n\000t\000e}{appendix.B}% 59
\BOOKMARK [1][-]{appendix.B.3}{\376\377\000F\000l\000u\000j\000o\000\040\000f\000u\000n\000c\000i\000o\000n\000a\000l\000\040\000d\000e\000\040\000e\000x\000t\000r\000e\000m\000o\000\040\000a\000\040\000e\000x\000t\000r\000e\000m\000o}{appendix.B}% 60
\BOOKMARK [0][-]{appendix.C}{\376\377\000M\000o\000d\000e\000l\000o\000\040\000d\000e\000\040\000A\000m\000e\000n\000a\000z\000a\000s\000\040\000y\000\040\000C\000o\000n\000t\000r\000o\000l\000e\000s\000\040\000d\000e\000\040\000S\000e\000g\000u\000r\000i\000d\000a\000d}{}% 61
\BOOKMARK [1][-]{appendix.C.1}{\376\377\000I\000d\000e\000n\000t\000i\000d\000a\000d\000,\000\040\000s\000e\000s\000i\000\363\000n\000\040\000y\000\040\000a\000u\000t\000o\000r\000i\000z\000a\000c\000i\000\363\000n}{appendix.C}% 62
\BOOKMARK [1][-]{appendix.C.2}{\376\377\000P\000e\000r\000s\000i\000s\000t\000e\000n\000c\000i\000a\000,\000\040\000c\000a\000c\000h\000\351\000\040\000y\000\040\000p\000r\000o\000v\000e\000e\000d\000o\000r\000\040\000d\000e\000\040\000I\000A}{appendix.C}% 63
\BOOKMARK [1][-]{appendix.C.3}{\376\377\000A\000l\000c\000a\000n\000c\000e\000\040\000d\000e\000\040\000l\000a\000s\000\040\000h\000e\000r\000r\000a\000m\000i\000e\000n\000t\000a\000s}{appendix.C}% 64
\BOOKMARK [0][-]{appendix.D}{\376\377\000O\000p\000e\000r\000a\000c\000i\000\363\000n\000,\000\040\000R\000e\000c\000u\000p\000e\000r\000a\000c\000i\000\363\000n\000\040\000y\000\040\000E\000v\000i\000d\000e\000n\000c\000i\000a\000\040\000R\000e\000p\000r\000o\000d\000u\000c\000i\000b\000l\000e}{}% 65
\BOOKMARK [1][-]{appendix.D.1}{\376\377\000A\000r\000r\000a\000n\000q\000u\000e\000\040\000y\000\040\000o\000b\000s\000e\000r\000v\000a\000b\000i\000l\000i\000d\000a\000d}{appendix.D}% 66
\BOOKMARK [1][-]{appendix.D.2}{\376\377\000R\000e\000s\000p\000a\000l\000d\000o\000\040\000y\000\040\000r\000e\000s\000t\000a\000u\000r\000a\000c\000i\000\363\000n}{appendix.D}% 67
\BOOKMARK [1][-]{appendix.D.3}{\376\377\000T\000r\000a\000z\000a\000b\000i\000l\000i\000d\000a\000d\000\040\000d\000e\000\040\000r\000e\000s\000u\000l\000t\000a\000d\000o\000s}{appendix.D}% 68
\BOOKMARK [1][-]{appendix.D.4}{\376\377\000L\000i\000s\000t\000a\000\040\000d\000e\000\040\000c\000i\000e\000r\000r\000e\000\040\000a\000c\000a\000d\000\351\000m\000i\000c\000o}{appendix.D}% 69
