This is pdfTeX, Version 3.141592653-2.6-1.40.29 (MiKTeX 26.5) (preloaded format=pdflatex 2026.9.7)  18 SEP 2026 11:59
entering extended mode
 restricted \write18 enabled.
 %&-line parsing enabled.
**./SRS-v1.2.0.tex
(SRS-v1.2.0.tex
LaTeX2e <2026-06-01>
L3 programming layer <2026-07-20>
(C:\Users\Keitho_\AppData\Local\Programs\MiKTeX\tex/latex/base\article.cls
Document Class: article 2025/01/22 v1.4n Standard LaTeX document class
(C:\Users\Keitho_\AppData\Local\Programs\MiKTeX\tex/latex/base\size11.clo
File: size11.clo 2025/01/22 v1.4n Standard LaTeX file (size option)
)
\c@part=\count276
\c@section=\count277
\c@subsection=\count278
\c@subsubsection=\count279
\c@paragraph=\count280
\c@subparagraph=\count281
\c@figure=\count282
\c@table=\count283
\abovecaptionskip=\skip49
\belowcaptionskip=\skip50
\bibindent=\dimen150
)
(C:\Users\Keitho_\AppData\Local\Programs\MiKTeX\tex/latex/base\inputenc.sty
Package: inputenc 2024/02/08 v1.3d Input encoding file
\inpenc@prehook=\toks17
\inpenc@posthook=\toks18
)
(C:\Users\Keitho_\AppData\Local\Programs\MiKTeX\tex/generic/babel\babel.sty
Package: babel 2026/08/08 v26.10 The multilingual framework for LuaLaTeX, pdfLa
TeX and XeLaTeX
\babel@savecnt=\count284
LaTeX Encoding Info:    Redeclaring text command \ij (encoding OT1) on input li
ne 2105.
LaTeX Encoding Info:    Redeclaring text command \IJ (encoding OT1) on input li
ne 2107.
LaTeX Encoding Info:    Redeclaring text command \ij (encoding T1) on input lin
e 2109.
LaTeX Encoding Info:    Redeclaring text command \IJ (encoding T1) on input lin
e 2110.
LaTeX Encoding Info:    Ignoring declaration for text command \ij (encoding ?) 
on input line 2111.
LaTeX Encoding Info:    Ignoring declaration for text command \IJ (encoding ?) 
on input line 2113.
LaTeX Encoding Info:    Ignoring declaration for text command \SS (encoding ?) 
on input line 2138.
\U@D=\dimen151
\l@unhyphenated=\language79

(C:\Users\Keitho_\AppData\Local\Programs\MiKTeX\tex/generic/babel\txtbabel.def)
\bbl@readstream=\read2
\bbl@dirlevel=\count285
Package babel Info: Configuration files are deprecated, as
(babel)             they can break document portability.
(babel)             Reported on input line 4298.
*************************************
* Local config file bblopts.cfg used
*
(C:\Users\Keitho_\AppData\Local\Programs\MiKTeX\tex/latex/arabi\bblopts.cfg
File: bblopts.cfg 2005/09/08 v0.1 add Arabic and Farsi to "declared" options of
 babel
)
(C:\Users\Keitho_\AppData\Local\Programs\MiKTeX\tex/generic/babel/locale/es\bab
el-spanish.tex)
Package babel Info: Importing font and identification data for 'spanish'
(babel)             from babel-es.ini. Reported on input line 4426.

(C:\Users\Keitho_\AppData\Local\Programs\MiKTeX\tex/latex/babel-spanish\spanish
.ldf
Language: spanish.ldf 2021/05/27 v5.0q Spanish support from the babel system
\es@quottoks=\toks19
\es@quotdepth=\count286
Package babel Info: Making " an active character on input line 570.
Package babel Info: Making . an active character on input line 675.
Package babel Info: Making < an active character on input line 722.
Package babel Info: Making > an active character on input line 722.
))
LaTeX Encoding Info:    Redeclaring text command \guillemotleft (encoding OT1) 
on input line 4.
LaTeX Encoding Info:    Redeclaring text command \guillemotright (encoding OT1)
 on input line 4.

(C:\Users\Keitho_\AppData\Local\Programs\MiKTeX\tex/latex/geometry\geometry.sty
Package: geometry 2026/03/07 v6.0 Page Geometry
(C:\Users\Keitho_\AppData\Local\Programs\MiKTeX\tex/latex/graphics\keyval.sty
Package: keyval 2026-05-17 v1.15 key=value parser (DPC)
\KV@toks@=\toks20
)
(C:\Users\Keitho_\AppData\Local\Programs\MiKTeX\tex/generic/iftex\ifvtex.sty
Package: ifvtex 2019/10/25 v1.7 ifvtex legacy package. Use iftex instead.

(C:\Users\Keitho_\AppData\Local\Programs\MiKTeX\tex/generic/iftex\iftex.sty
Package: iftex 2024/12/12 v1.0g TeX engine tests
))
\Gm@cnth=\count287
\Gm@cntv=\count288
\c@Gm@tempcnt=\count289
\Gm@bindingoffset=\dimen152
\Gm@wd@mp=\dimen153
\Gm@odd@mp=\dimen154
\Gm@even@mp=\dimen155
\Gm@layoutwidth=\dimen156
\Gm@layoutheight=\dimen157
\Gm@layouthoffset=\dimen158
\Gm@layoutvoffset=\dimen159
\Gm@dimlist=\toks21

(C:\Users\Keitho_\AppData\Local\Programs\MiKTeX\tex/latex/geometry\geometry.cfg
)) (C:\Users\Keitho_\AppData\Local\Programs\MiKTeX\tex/latex/tools\tabularx.sty
Package: tabularx 2023/12/11 v2.12a `tabularx' package (DPC)
(C:\Users\Keitho_\AppData\Local\Programs\MiKTeX\tex/latex/tools\array.sty
Package: array 2026/02/24 v2.7b Tabular extension package (FMi)
\col@sep=\dimen160
\ar@mcellbox=\box53
\extrarowheight=\dimen161
\NC@list=\toks22
\extratabsurround=\skip51
\backup@length=\skip52
\ar@cellbox=\box54
)
\TX@col@width=\dimen162
\TX@old@table=\dimen163
\TX@old@col=\dimen164
\TX@target=\dimen165
\TX@delta=\dimen166
\TX@cols=\count290
\TX@ftn=\toks23
)
(C:\Users\Keitho_\AppData\Local\Programs\MiKTeX\tex/latex/booktabs\booktabs.sty
Package: booktabs 2020/01/12 v1.61803398 Publication quality tables
\heavyrulewidth=\dimen167
\lightrulewidth=\dimen168
\cmidrulewidth=\dimen169
\belowrulesep=\dimen170
\belowbottomsep=\dimen171
\aboverulesep=\dimen172
\abovetopsep=\dimen173
\cmidrulesep=\dimen174
\cmidrulekern=\dimen175
\defaultaddspace=\dimen176
\@cmidla=\count291
\@cmidlb=\count292
\@aboverulesep=\dimen177
\@belowrulesep=\dimen178
\@thisruleclass=\count293
\@lastruleclass=\count294
\@thisrulewidth=\dimen179
) (C:\Users\Keitho_\AppData\Local\Programs\MiKTeX\tex/latex/xcolor\xcolor.sty
Package: xcolor 2024/09/29 v3.02 LaTeX color extensions (UK)

(C:\Users\Keitho_\AppData\Local\Programs\MiKTeX\tex/latex/graphics-cfg\color.cf
g
File: color.cfg 2016/01/02 v1.6 sample color configuration
)
Package xcolor Info: Driver file: pdftex.def on input line 274.

(C:\Users\Keitho_\AppData\Local\Programs\MiKTeX\tex/latex/graphics-def\pdftex.d
ef
File: pdftex.def 2025/09/29 v1.2d Graphics/color driver for pdftex
)
(C:\Users\Keitho_\AppData\Local\Programs\MiKTeX\tex/latex/graphics\mathcolor.lt
x)
Package xcolor Info: Model `cmy' substituted by `cmy0' on input line 1349.
Package xcolor Info: Model `hsb' substituted by `rgb' on input line 1353.
Package xcolor Info: Model `RGB' extended on input line 1365.
Package xcolor Info: Model `HTML' substituted by `rgb' on input line 1367.
Package xcolor Info: Model `Hsb' substituted by `hsb' on input line 1368.
Package xcolor Info: Model `tHsb' substituted by `hsb' on input line 1369.
Package xcolor Info: Model `HSB' substituted by `hsb' on input line 1370.
Package xcolor Info: Model `Gray' substituted by `gray' on input line 1371.
Package xcolor Info: Model `wave' substituted by `hsb' on input line 1372.
)
(C:\Users\Keitho_\AppData\Local\Programs\MiKTeX\tex/latex/colortbl\colortbl.sty
Package: colortbl 2026/05/01 v1.0l Color table columns (DPC)
new hooks used!!
\minrowclearance=\skip53
\rownum=\count295
)
(C:\Users\Keitho_\AppData\Local\Programs\MiKTeX\tex/latex/hyperref\hyperref.sty
Package: hyperref 2026-06-17 v7.01r Hypertext links for LaTeX

(C:\Users\Keitho_\AppData\Local\Programs\MiKTeX\tex/latex/kvsetkeys\kvsetkeys.s
ty
Package: kvsetkeys 2022-10-05 v1.19 Key value parser (HO)
)
(C:\Users\Keitho_\AppData\Local\Programs\MiKTeX\tex/generic/kvdefinekeys\kvdefi
nekeys.sty
Package: kvdefinekeys 2019-12-19 v1.6 Define keys (HO)
)
(C:\Users\Keitho_\AppData\Local\Programs\MiKTeX\tex/generic/pdfescape\pdfescape
.sty
Package: pdfescape 2019/12/09 v1.15 Implements pdfTeX's escape features (HO)

(C:\Users\Keitho_\AppData\Local\Programs\MiKTeX\tex/generic/ltxcmds\ltxcmds.sty
Package: ltxcmds 2023-12-04 v1.26 LaTeX kernel commands for general use (HO)
)
(C:\Users\Keitho_\AppData\Local\Programs\MiKTeX\tex/generic/pdftexcmds\pdftexcm
ds.sty
Package: pdftexcmds 2020-06-27 v0.33 Utility functions of pdfTeX for LuaTeX (HO
)

(C:\Users\Keitho_\AppData\Local\Programs\MiKTeX\tex/generic/infwarerr\infwarerr
.sty
Package: infwarerr 2019/12/03 v1.5 Providing info/warning/error messages (HO)
)
Package pdftexcmds Info: \pdf@primitive is available.
Package pdftexcmds Info: \pdf@ifprimitive is available.
Package pdftexcmds Info: \pdfdraftmode found.
))
(C:\Users\Keitho_\AppData\Local\Programs\MiKTeX\tex/latex/hycolor\hycolor.sty
Package: hycolor 2020-01-27 v1.10 Color options for hyperref/bookmark (HO)
)
(C:\Users\Keitho_\AppData\Local\Programs\MiKTeX\tex/latex/hyperref\nameref.sty
Package: nameref 2026-01-29 v2.58 Cross-referencing by name of section

(C:\Users\Keitho_\AppData\Local\Programs\MiKTeX\tex/latex/refcount\refcount.sty
Package: refcount 2019/12/15 v3.6 Data extraction from label references (HO)
)
(C:\Users\Keitho_\AppData\Local\Programs\MiKTeX\tex/generic/gettitlestring\gett
itlestring.sty
Package: gettitlestring 2019/12/15 v1.6 Cleanup title references (HO)

(C:\Users\Keitho_\AppData\Local\Programs\MiKTeX\tex/latex/kvoptions\kvoptions.s
ty
Package: kvoptions 2022-06-15 v3.15 Key value format for package options (HO)
))
\c@section@level=\count296
)
(C:\Users\Keitho_\AppData\Local\Programs\MiKTeX\tex/latex/etoolbox\etoolbox.sty
Package: etoolbox 2025/10/02 v2.5m e-TeX tools for LaTeX (JAW)
\etb@tempcnta=\count297
)
(C:\Users\Keitho_\AppData\Local\Programs\MiKTeX\tex/generic/stringenc\stringenc
.sty
Package: stringenc 2019/11/29 v1.12 Convert strings between diff. encodings (HO
)
)
\@linkdim=\dimen180
\Hy@linkcounter=\count298
\Hy@pagecounter=\count299

(C:\Users\Keitho_\AppData\Local\Programs\MiKTeX\tex/latex/hyperref\pd1enc.def
File: pd1enc.def 2026-06-17 v7.01r Hyperref: PDFDocEncoding definition (HO)
Now handling font encoding PD1 ...
... no UTF-8 mapping file for font encoding PD1
)
(C:\Users\Keitho_\AppData\Local\Programs\MiKTeX\tex/generic/intcalc\intcalc.sty
Package: intcalc 2019/12/15 v1.3 Expandable calculations with integers (HO)
)
\Hy@SavedSpaceFactor=\count300
 (C:\Users\Keitho_\AppData\Local\Programs\MiKTeX\tex/latex/hyperref\puenc.def
File: puenc.def 2026-06-17 v7.01r Hyperref: PDF Unicode definition (HO)
Now handling font encoding PU ...
... no UTF-8 mapping file for font encoding PU
)
Package hyperref Info: Hyper figures OFF on input line 4199.
Package hyperref Info: Link nesting OFF on input line 4204.
Package hyperref Info: Hyper index ON on input line 4207.
Package hyperref Info: Plain pages OFF on input line 4214.
Package hyperref Info: Backreferencing OFF on input line 4219.
Package hyperref Info: Implicit mode ON; LaTeX internals redefined.
Package hyperref Info: Bookmarks ON on input line 4466.
\c@Hy@tempcnt=\count301
(C:\Users\Keitho_\AppData\Local\Programs\MiKTeX\tex/latex/url\url.sty
\Urlmuskip=\muskip17
Package: url 2013/09/16  ver 3.4  Verb mode for urls, etc.
)
LaTeX Info: Redefining \url on input line 4805.
\XeTeXLinkMargin=\dimen181

(C:\Users\Keitho_\AppData\Local\Programs\MiKTeX\tex/generic/bitset\bitset.sty
Package: bitset 2019/12/09 v1.3 Handle bit-vector datatype (HO)

(C:\Users\Keitho_\AppData\Local\Programs\MiKTeX\tex/generic/bigintcalc\bigintca
lc.sty
Package: bigintcalc 2019/12/15 v1.5 Expandable calculations on big integers (HO
)
))
\Fld@menulength=\count302
\Field@Width=\dimen182
\Fld@charsize=\dimen183
Package hyperref Info: Hyper figures OFF on input line 6091.
Package hyperref Info: Link nesting OFF on input line 6096.
Package hyperref Info: Hyper index ON on input line 6099.
Package hyperref Info: backreferencing OFF on input line 6106.
Package hyperref Info: Link coloring OFF on input line 6111.
Package hyperref Info: Link coloring with OCG OFF on input line 6116.
Package hyperref Info: PDF/A mode OFF on input line 6121.
\Hy@abspage=\count303
\c@Item=\count304
\c@Hfootnote=\count305
)
Package hyperref Info: Driver (autodetected): hpdftex.

(C:\Users\Keitho_\AppData\Local\Programs\MiKTeX\tex/latex/hyperref\hpdftex.def
File: hpdftex.def 2026-06-17 v7.01r Hyperref driver for pdfTeX
\Fld@listcount=\count306
\c@bookmark@seq@number=\count307

(C:\Users\Keitho_\AppData\Local\Programs\MiKTeX\tex/latex/rerunfilecheck\rerunf
ilecheck.sty
Package: rerunfilecheck 2025-06-21 v1.11 Rerun checks for auxiliary files (HO)

(C:\Users\Keitho_\AppData\Local\Programs\MiKTeX\tex/generic/uniquecounter\uniqu
ecounter.sty
Package: uniquecounter 2019/12/15 v1.4 Provide unlimited unique counter (HO)
)
Package uniquecounter Info: New unique counter `rerunfilecheck' on input line 2
84.
)
\Hy@SectionHShift=\skip54
)
(C:\Users\Keitho_\AppData\Local\Programs\MiKTeX\tex/latex/titlesec\titlesec.sty
Package: titlesec 2025/01/04 v2.17 Sectioning titles
\ttl@box=\box55
\beforetitleunit=\skip55
\aftertitleunit=\skip56
\ttl@plus=\dimen184
\ttl@minus=\dimen185
\ttl@toksa=\toks24
\titlewidth=\dimen186
\titlewidthlast=\dimen187
\titlewidthfirst=\dimen188
)
(C:\Users\Keitho_\AppData\Local\Programs\MiKTeX\tex/latex/enumitem\enumitem.sty
Package: enumitem 2025/02/06 v3.11 Customized lists
\labelindent=\skip57
\enit@outerparindent=\dimen189
\enit@toks=\toks25
\enit@inbox=\box56
\enit@count@id=\count308
\enitdp@description=\count309
) (C:\Users\Keitho_\AppData\Local\Programs\MiKTeX\tex/latex/tools\longtable.sty
Package: longtable 2026-01-28 v4.27 Multi-page Table package (DPC)
\LTleft=\skip58
\LTright=\skip59
\LTpre=\skip60
\LTpost=\skip61
\LTchunksize=\count310
\LTcapwidth=\dimen190
\LT@head=\box57
\LT@firsthead=\box58
\LT@foot=\box59
\LT@lastfoot=\box60
\LT@gbox=\box61
\LT@cols=\count311
\LT@rows=\count312
\c@LT@tables=\count313
\c@LT@chunks=\count314
\LT@p@ftn=\toks26
)
Package hyperref Info: Option `colorlinks' set `true' on input line 24.

(C:\Users\Keitho_\AppData\Local\Programs\MiKTeX\tex/latex/l3backend\l3backend-p
dftex.def
File: l3backend-pdftex.def 2026-07-20 L3 backend support: PDF output (pdfTeX)
\l__color_backend_stack_int=\count315
) (SRS-v1.2.0.aux
LaTeX Info: Redefining \. on input line 11.
LaTeX Info: Redefining \% on input line 11.
Package babel Info: 'spanish' activates 'spanish' shorthands.
(babel)             Reported on input line 11.
)
\openout1 = `SRS-v1.2.0.aux'.

LaTeX Font Info:    Checking defaults for OML/cmm/m/it on input line 26.
LaTeX Font Info:    ... okay on input line 26.
LaTeX Font Info:    Checking defaults for OMS/cmsy/m/n on input line 26.
LaTeX Font Info:    ... okay on input line 26.
LaTeX Font Info:    Checking defaults for OT1/cmr/m/n on input line 26.
LaTeX Font Info:    ... okay on input line 26.
LaTeX Font Info:    Checking defaults for T1/cmr/m/n on input line 26.
LaTeX Font Info:    ... okay on input line 26.
LaTeX Font Info:    Checking defaults for TS1/cmr/m/n on input line 26.
LaTeX Font Info:    ... okay on input line 26.
LaTeX Font Info:    Checking defaults for OMX/cmex/m/n on input line 26.
LaTeX Font Info:    ... okay on input line 26.
LaTeX Font Info:    Checking defaults for U/cmr/m/n on input line 26.
LaTeX Font Info:    ... okay on input line 26.
LaTeX Font Info:    Checking defaults for PD1/pdf/m/n on input line 26.
LaTeX Font Info:    ... okay on input line 26.
LaTeX Font Info:    Checking defaults for PU/pdf/m/n on input line 26.
LaTeX Font Info:    ... okay on input line 26.
LaTeX Info: Redefining \. on input line 26.
LaTeX Info: Redefining \% on input line 26.

*geometry* driver: auto-detecting
*geometry* detected driver: pdftex
*geometry* verbose mode - [ preamble ] result:
* driver: pdftex
* paper: a4paper
* layout: <same size as paper>
* layoutoffset:(h,v)=(0.0pt,0.0pt)
* modes: 
* h-part:(L,W,R)=(71.13188pt, 455.24411pt, 71.13188pt)
* v-part:(T,H,B)=(85.35826pt, 674.33032pt, 85.35826pt)
* \paperwidth=597.50787pt
* \paperheight=845.04684pt
* \textwidth=455.24411pt
* \textheight=674.33032pt
* \oddsidemargin=-1.1381pt
* \evensidemargin=-1.1381pt
* \topmargin=-23.91173pt
* \headheight=12.0pt
* \headsep=25.0pt
* \topskip=11.0pt
* \footskip=30.0pt
* \marginparwidth=50.0pt
* \marginparsep=10.0pt
* \columnsep=10.0pt
* \skip\footins=10.0pt plus 4.0pt minus 2.0pt
* \hoffset=0.0pt
* \voffset=0.0pt
* \mag=1000
* \@twocolumnfalse
* \@twosidefalse
* \@mparswitchfalse
* \@reversemarginfalse
* (1in=72.27pt=25.4mm, 1cm=28.453pt)


(C:\Users\Keitho_\AppData\Local\Programs\MiKTeX\tex/context/base/mkii\supp-pdf.
mkii
[Loading MPS to PDF converter (version 2006.09.02).]
\scratchcounter=\count316
\scratchdimen=\dimen191
\scratchbox=\box62
\nofMPsegments=\count317
\nofMParguments=\count318
\everyMPshowfont=\toks27
\MPscratchCnt=\count319
\MPscratchDim=\dimen192
\MPnumerator=\count320
\makeMPintoPDFobject=\count321
\everyMPtoPDFconversion=\toks28
)
Package hyperref Info: Link coloring ON on input line 26.
 (SRS-v1.2.0.out) (SRS-v1.2.0.out)
\@outlinefile=\write3
\openout3 = `SRS-v1.2.0.out'.

Package babel Info: Main language set to 'spanish'.

Underfull \hbox (badness 10000) in paragraph at lines 55--55
[]|[][]$\OT1/cmtt/m/n/10.95 https : / / github . com / keithdrox /
 []


Underfull \hbox (badness 10000) in paragraph at lines 55--55
[]|[][]$\OT1/cmtt/m/n/10.95 https : / / github . com / gleiston-[]guerrero /
 []

[1

{C:/Users/Keitho_/AppData/Local/MiKTeX/fonts/map/pdftex/pdftex.map}] [2]
(SRS-v1.2.0.toc
LaTeX Info: Redefining \. on input line 1.
LaTeX Info: Redefining \% on input line 1.
)
\tf@toc=\write4
\openout4 = `SRS-v1.2.0.toc'.


pdfTeX warning (ext4): destination with the same identifier (name{page.1}) has 
been already used, duplicate ignored
<to be read again> 
                   \relax 
l.83 \newpage
              [1]
pdfTeX warning (ext4): destination with the same identifier (name{page.2}) has 
been already used, duplicate ignored
<to be read again> 
                   \relax 
l.105 \newpage
               [2]

LaTeX Warning: `h' float specifier changed to `ht'.


LaTeX Warning: `h' float specifier changed to `ht'.


Underfull \hbox (badness 10000) in paragraph at lines 185--185
[]|\OT1/cmr/m/n/10.95 Motor de re-tro-ali-men-ta-ci^^Son ex-terno. El ser-vi-ci
o
 []


Underfull \hbox (badness 10000) in paragraph at lines 185--185
\OT1/cmtt/m/n/10.95 ExternalAiFeedbackService \OT1/cmr/m/n/10.95 in-vo-ca la AP
I ba-jo
 []


Underfull \hbox (badness 10000) in paragraph at lines 185--185
[]|\OT1/cmr/m/n/10.95 Repositorio de pu-bli-ca-ci^^Son de soft-wa-re DOI
 []


LaTeX Warning: `h' float specifier changed to `ht'.

[3] [4] [5]
Underfull \hbox (badness 10000) in paragraph at lines 250--250
[]|\OT1/cmr/bx/n/10.95 Verificaci^^Son: \OT1/cmr/m/n/10.95 Prue-ba Uni-ta-ria (
Si-mu-la-tion-Ser-vi-ce-Test.java)  \OT1/cmr/bx/n/10.95 SQL:
 []


Underfull \hbox (badness 10000) in paragraph at lines 258--258
[]|\OT1/cmr/bx/n/10.95 Verificaci^^Son: \OT1/cmr/m/n/10.95 Prue-ba Uni-ta-ria (
Si-mu-la-tion-Ser-vi-ce-Test.java)  \OT1/cmr/bx/n/10.95 SQL:
 []


Underfull \hbox (badness 10000) in paragraph at lines 266--266
[]|\OT1/cmr/bx/n/10.95 Verificaci^^Son: \OT1/cmr/m/n/10.95 Prue-ba Uni-ta-ria (
Si-mu-la-tion-Ser-vi-ce-Test.java)  \OT1/cmr/bx/n/10.95 SQL:
 []

[6]
Underfull \hbox (badness 10000) in paragraph at lines 274--274
[]|\OT1/cmr/bx/n/10.95 Verificaci^^Son: \OT1/cmr/m/n/10.95 Prue-ba de In-te-gra
-ci^^Son (Auth-Con-tro-ller-Test.java)  \OT1/cmr/bx/n/10.95 SQL:
 []


Underfull \hbox (badness 10000) in paragraph at lines 282--282
[]|\OT1/cmr/bx/n/10.95 Verificaci^^Son: \OT1/cmr/m/n/10.95 Prue-ba Uni-ta-ria (
Sce-na-rio-Ser-vi-ce-Test.java)  \OT1/cmr/bx/n/10.95 SQL:
 []


Underfull \hbox (badness 10000) in paragraph at lines 290--290
[]|\OT1/cmr/bx/n/10.95 Verificaci^^Son: \OT1/cmr/m/n/10.95 Prue-ba Uni-ta-ria (
Si-mu-la-tion-Ser-vi-ce-Test.java)  \OT1/cmr/bx/n/10.95 SQL:
 []

[7]
Underfull \hbox (badness 10000) in paragraph at lines 314--314
[]|\OT1/cmr/bx/n/10.95 Verificaci^^Son: \OT1/cmr/m/n/10.95 Prue-ba Uni-ta-ria (
Si-mu-la-tion-Ser-vi-ce-Test.java)  \OT1/cmr/bx/n/10.95 SQL:
 []

[8] [9] [10]
Underfull \hbox (badness 10000) in paragraph at lines 417--417
[]|\OT1/cmr/bx/n/10.95 Verificaci^^Son: \OT1/cmr/m/n/10.95 Prue-ba Uni-ta-ria (
ser-vi-ce/feedback/ExternalAiFeedbackServiceTest.java)
 []

[11]
Underfull \hbox (badness 10000) in paragraph at lines 426--426
[]|\OT1/cmr/bx/n/10.95 Criterio de acep-ta-ci^^Son: \OT1/cmr/m/n/10.95 El re-po
r-te Lighthou-se eje-cu-ta-do con-tra [][]$\OT1/cmtt/m/n/10.95 https :
 []

[12]
Underfull \hbox (badness 10000) in paragraph at lines 479--479
[]|\OT1/cmr/bx/n/10.95 Verificaci^^Son: \OT1/cmr/m/n/10.95 Prue-ba de Com-po-ne
n-te E2E (app.component.spec.ts)  \OT1/cmr/bx/n/10.95 SQL:
 []

[13]
Underfull \hbox (badness 10000) in paragraph at lines 489--489
[]|\OT1/cmr/bx/n/10.95 Verificaci^^Son: \OT1/cmr/m/n/10.95 Prue-ba de Com-po-ne
n-te E2E (app.component.spec.ts)  \OT1/cmr/bx/n/10.95 SQL:
 []


Underfull \hbox (badness 10000) in paragraph at lines 499--499
[]|\OT1/cmr/bx/n/10.95 Verificaci^^Son: \OT1/cmr/m/n/10.95 Prue-ba de Com-po-ne
n-te E2E (app.component.spec.ts)  \OT1/cmr/bx/n/10.95 SQL:
 []

[14]
Overfull \hbox (9.20885pt too wide) in paragraph at lines 526--526
[]|[]\OT1/cmr/bx/n/10.95 Requisito[]| 
 []


Underfull \hbox (badness 10000) in paragraph at lines 526--526
[]|\OT1/cmr/m/n/10.95 RF-04,
 []


Underfull \hbox (badness 10000) in paragraph at lines 526--526
[]|\OT1/cmr/m/n/10.95 RF-08,
 []


Underfull \hbox (badness 10000) in paragraph at lines 526--526
[]|\OT1/cmr/m/n/10.95 RF-03,
 []


Overfull \hbox (1.02563pt too wide) in paragraph at lines 526--526
[]|\OT1/cmr/m/n/10.95 Hu^^Serfano
 []


Overfull \hbox (1.02563pt too wide) in paragraph at lines 526--526
[]|\OT1/cmr/m/n/10.95 Hu^^Serfano
 []


Overfull \hbox (1.02563pt too wide) in paragraph at lines 526--526
[]|\OT1/cmr/m/n/10.95 Hu^^Serfano
 []


Overfull \hbox (1.02563pt too wide) in paragraph at lines 526--526
[]|\OT1/cmr/m/n/10.95 Hu^^Serfano
 []


Overfull \hbox (1.02563pt too wide) in paragraph at lines 526--526
[]|\OT1/cmr/m/n/10.95 Hu^^Serfano
 []

[15]
Overfull \hbox (22.78271pt too wide) in paragraph at lines 542--543
\OT1/cmr/m/n/10.95 ren-tes con el com-mit de-cla-ra-do. El re-po-si-to-rio de e
n-tre-ga es \OT1/cmtt/m/n/10.95 gleiston-guerrero/SBVIA-AppWeb
 []

[16]
Overfull \hbox (11.91884pt too wide) in paragraph at lines 560--560
[]|\OT1/cmr/m/n/10.95 VERIFIED| 
 []


Overfull \hbox (9.05518pt too wide) in paragraph at lines 561--561
[]|\OT1/cmr/m/n/10.95 ScenarioServiceTest| 
 []


Overfull \hbox (11.91884pt too wide) in paragraph at lines 561--561
[]|\OT1/cmr/m/n/10.95 VERIFIED| 
 []


Overfull \hbox (20.27895pt too wide) in paragraph at lines 562--562
[]|\OT1/cmr/m/n/10.95 SimulationServiceTest| 
 []


Overfull \hbox (42.48764pt too wide) in paragraph at lines 562--562
[]|\OT1/cmr/m/n/10.95 IMPLEMENTED| 
 []


Overfull \hbox (20.27895pt too wide) in paragraph at lines 563--563
[]|\OT1/cmr/m/n/10.95 SimulationServiceTest| 
 []


Overfull \hbox (42.48764pt too wide) in paragraph at lines 563--563
[]|\OT1/cmr/m/n/10.95 IMPLEMENTED| 
 []


Overfull \hbox (20.27895pt too wide) in paragraph at lines 564--564
[]|\OT1/cmr/m/n/10.95 SimulationServiceTest| 
 []


Overfull \hbox (42.48764pt too wide) in paragraph at lines 564--564
[]|\OT1/cmr/m/n/10.95 IMPLEMENTED| 
 []


Overfull \hbox (8.14267pt too wide) in paragraph at lines 565--565
[]|\OT1/cmr/m/n/10.95 AuthControllerTest| 
 []


Overfull \hbox (42.48764pt too wide) in paragraph at lines 565--565
[]|\OT1/cmr/m/n/10.95 IMPLEMENTED| 
 []


Overfull \hbox (9.05518pt too wide) in paragraph at lines 566--566
[]|\OT1/cmr/m/n/10.95 ScenarioServiceTest| 
 []


Overfull \hbox (42.48764pt too wide) in paragraph at lines 566--566
[]|\OT1/cmr/m/n/10.95 IMPLEMENTED| 
 []


Overfull \hbox (20.27895pt too wide) in paragraph at lines 567--567
[]|\OT1/cmr/m/n/10.95 SimulationServiceTest| 
 []


Overfull \hbox (42.48764pt too wide) in paragraph at lines 567--567
[]|\OT1/cmr/m/n/10.95 IMPLEMENTED| 
 []


Overfull \hbox (12.82683pt too wide) in paragraph at lines 568--568
[]|\OT1/cmr/m/n/10.95 FeedbackServiceTest| 
 []


Overfull \hbox (2.48967pt too wide) in paragraph at lines 568--568
[]|\OT1/cmr/m/n/10.95 TESTED| 
 []


Overfull \hbox (12.82683pt too wide) in paragraph at lines 569--569
[]|\OT1/cmr/m/n/10.95 FeedbackServiceTest| 
 []


Overfull \hbox (2.48967pt too wide) in paragraph at lines 569--569
[]|\OT1/cmr/m/n/10.95 TESTED| 
 []


Overfull \hbox (20.27895pt too wide) in paragraph at lines 570--570
[]|\OT1/cmr/m/n/10.95 SimulationServiceTest| 
 []


Overfull \hbox (11.91884pt too wide) in paragraph at lines 570--570
[]|\OT1/cmr/m/n/10.95 VERIFIED| 
 []


Overfull \hbox (75.51569pt too wide) in paragraph at lines 571--571
[]|\OT1/cmr/m/n/10.95 DrivingSimulationIntegrationTest| 
 []


Overfull \hbox (11.91884pt too wide) in paragraph at lines 571--571
[]|\OT1/cmr/m/n/10.95 VERIFIED| 
 []


Overfull \hbox (65.32608pt too wide) in paragraph at lines 572--572
[]|\OT1/cmr/m/n/10.95 ExternalAiFeedbackServiceTest| 
 []


Overfull \hbox (42.48764pt too wide) in paragraph at lines 572--572
[]|\OT1/cmr/m/n/10.95 IMPLEMENTED| 
 []


Overfull \hbox (4.61435pt too wide) in paragraph at lines 573--573
[]|\OT1/cmr/m/n/10.95 BackupServiceTest| 
 []


Overfull \hbox (42.48764pt too wide) in paragraph at lines 573--573
[]|\OT1/cmr/m/n/10.95 IMPLEMENTED| 
 []


Overfull \hbox (42.48764pt too wide) in paragraph at lines 574--574
[]|\OT1/cmr/m/n/10.95 IMPLEMENTED| 
 []


Overfull \hbox (11.91884pt too wide) in paragraph at lines 575--575
[]|\OT1/cmr/m/n/10.95 VERIFIED| 
 []


Overfull \hbox (2.48967pt too wide) in paragraph at lines 576--576
[]|\OT1/cmr/m/n/10.95 TESTED| 
 []


Overfull \hbox (11.91884pt too wide) in paragraph at lines 577--577
[]|\OT1/cmr/m/n/10.95 VERIFIED| 
 []


Overfull \hbox (8.14267pt too wide) in paragraph at lines 578--578
[]|\OT1/cmr/m/n/10.95 AuthControllerTest| 
 []


Overfull \hbox (11.91884pt too wide) in paragraph at lines 578--578
[]|\OT1/cmr/m/n/10.95 VERIFIED| 
 []


Underfull \hbox (badness 10000) in paragraph at lines 579--579
[]|\OT1/cmr/m/n/10.95 audit-sql-
 []


Overfull \hbox (11.91884pt too wide) in paragraph at lines 579--579
[]|\OT1/cmr/m/n/10.95 VERIFIED| 
 []


Overfull \hbox (11.91884pt too wide) in paragraph at lines 580--580
[]|\OT1/cmr/m/n/10.95 VERIFIED| 
 []


Overfull \hbox (12.82683pt too wide) in paragraph at lines 581--581
[]|\OT1/cmr/m/n/10.95 FeedbackServiceTest| 
 []


Overfull \hbox (11.91884pt too wide) in paragraph at lines 581--581
[]|\OT1/cmr/m/n/10.95 VERIFIED| 
 []


Overfull \hbox (65.32608pt too wide) in paragraph at lines 582--582
[]|\OT1/cmr/m/n/10.95 ExternalAiFeedbackServiceTest| 
 []


Overfull \hbox (2.48967pt too wide) in paragraph at lines 582--582
[]|\OT1/cmr/m/n/10.95 TESTED| 
 []


Overfull \hbox (11.91884pt too wide) in paragraph at lines 583--583
[]|\OT1/cmr/m/n/10.95 VERIFIED| 
 []


Overfull \hbox (2.48967pt too wide) in paragraph at lines 584--584
[]|\OT1/cmr/m/n/10.95 TESTED| 
 []


Overfull \hbox (2.48967pt too wide) in paragraph at lines 585--585
[]|\OT1/cmr/m/n/10.95 TESTED| 
 []


Overfull \hbox (2.48967pt too wide) in paragraph at lines 586--586
[]|\OT1/cmr/m/n/10.95 TESTED| 
 []


Overfull \hbox (2.48967pt too wide) in paragraph at lines 587--587
[]|\OT1/cmr/m/n/10.95 TESTED| 
 []


Overfull \hbox (2.48967pt too wide) in paragraph at lines 588--588
[]|\OT1/cmr/m/n/10.95 TESTED| 
 []


Overfull \hbox (2.48967pt too wide) in paragraph at lines 589--589
[]|\OT1/cmr/m/n/10.95 TESTED| 
 []


Overfull \hbox (2.48967pt too wide) in paragraph at lines 590--590
[]|\OT1/cmr/m/n/10.95 TESTED| 
 []

[17] (SRS-v1.2.0.aux
LaTeX Info: Redefining \. on input line 11.
LaTeX Info: Redefining \% on input line 11.
)
 ***********
LaTeX2e <2026-06-01>
L3 programming layer <2026-07-20>
 ***********
Package rerunfilecheck Info: File `SRS-v1.2.0.out' has not changed.
(rerunfilecheck)             Checksum: 2F3ADFEBC289525349B90FD368E57FE0;3110.
 ) 
Here is how much of TeX's memory you used:
 11641 strings out of 467501
 184524 string characters out of 5407579
 682859 words of memory out of 5000000
 40739 multiletter control sequences out of 15000+600000
 634992 words of font info for 65 fonts, out of 8000000 for 9000
 1141 hyphenation exceptions out of 8191
 74i,12n,79p,469b,569s stack positions out of 10000i,1000n,20000p,200000b,200000s
<C:/Users/Keitho_/AppData/Local/Programs/MiKTeX/fonts/type1/public/amsfonts/c
m/cmbx10.pfb><C:/Users/Keitho_/AppData/Local/Programs/MiKTeX/fonts/type1/public
/amsfonts/cm/cmbx12.pfb><C:/Users/Keitho_/AppData/Local/Programs/MiKTeX/fonts/t
ype1/public/amsfonts/cm/cmitt10.pfb><C:/Users/Keitho_/AppData/Local/Programs/Mi
KTeX/fonts/type1/public/amsfonts/cm/cmmi10.pfb><C:/Users/Keitho_/AppData/Local/
Programs/MiKTeX/fonts/type1/public/amsfonts/cm/cmr10.pfb><C:/Users/Keitho_/AppD
ata/Local/Programs/MiKTeX/fonts/type1/public/amsfonts/cm/cmr12.pfb><C:/Users/Ke
itho_/AppData/Local/Programs/MiKTeX/fonts/type1/public/amsfonts/cm/cmsy10.pfb><
C:/Users/Keitho_/AppData/Local/Programs/MiKTeX/fonts/type1/public/amsfonts/cm/c
mti10.pfb><C:/Users/Keitho_/AppData/Local/Programs/MiKTeX/fonts/type1/public/am
sfonts/cm/cmtt10.pfb>
Output written on SRS-v1.2.0.pdf (19 pages, 222949 bytes).
PDF statistics:
 251 PDF objects out of 1000 (max. 8388607)
 37 named destinations out of 1000 (max. 500000)
 153 words of extra memory for PDF output out of 10000 (max. 10000000)

